0000015a A num_got_entries
bc000000 T _start
bc000400 t reset
bc000674 t CPLL_DONE
bc0006d0 t DDR_READY
bc000870 t SDRAM_INIT_DOWN
bc000878 t tRFCinit
bc000970 T relocate_code
bc0009cc t in_ram
bc000a2c t romReserved
bc000a30 t romExcHandle
bc000a34 T init_cpu_pll
bc000b8c t CPLL_EXIT
bc000b90 T SDR_CFG0_TBL
bc000bb0 T SDR_CFG1_TBL
bc000bd0 T DDR1_CFG0_TBL
bc000bf8 T DDR1_CFG1_TBL
bc000c20 t DDR1_CFG2_TBL
bc000c48 t DDR1_CFG3_TBL
bc000c70 t DDR1_CFG4_TBL
bc000c98 T DDR2_CFG0_TBL
bc000cb8 T DDR2_CFG1_TBL
bc000cd8 t DDR2_CFG2_TBL
bc000cf8 t DDR2_CFG3_TBL
bc000d18 t DDR2_CFG4_TBL
bc000d40 T show_logo
bc000e64 T show_tftp_logo
bc000f48 T show_httpd_logo
bc001018 T sbrk
bc001068 T board_init_f
bc00131c T OperationSelect
bc0013dc T tftp_config
bc0018b0 T trigger_hw_reset
bc0018b8 T rw_rf_reg
bc0019a8 T config_usb_ehciohci
bc0019e0 T board_init_r
bc002850 T hang
bc002880 T do_rw_rf
bc0029c0 t mips_count_set
bc0029c8 t mips_count_get
bc0029d0 T timer_init
bc002a14 T get_timer
bc002a58 T udelay
bc002ae8 T get_ticks
bc002b24 T get_tbclk
bc002b30 T reset_timer
bc002b4c T set_timer
bc002b70 T NetSetEther
bc002c5c T ArpRequest
bc002dc8 t startAgainTimeout
bc002de4 t startAgainHandler
bc002dec T NetSetTimeout
bc002e50 T NetSetHandler
bc002e68 T NetStartAgain
bc002fe8 T ArpTimeoutCheck
bc0030b8 T NetSendPacket
bc0030d0 T NetCksum
bc003118 T NetSetIP
bc00328c T NetSendUDPPacket
bc003458 T NetCksumOk
bc003498 T NetEthHdrSize
bc0034e0 T copy_filename
bc003554 T ip_to_string
bc0035d4 T string_to_ip
bc003698 T getenv_IPaddr
bc0036d4 T VLAN_to_string
bc003748 T string_to_VLAN
bc0037b8 T getenv_VLAN
bc0037fc T NetLoop
bc003d9c T NetSendHttpd
bc003e34 T NetReceiveHttpd
bc003f18 T NetReceive
bc0045e0 T NetLoopHttpd
bc004b70 T print_IPaddr
bc004bc0 T TftpSend
bc004de0 t TftpHandler
bc005190 t TftpTimeout
bc005224 T TftpStart
bc005500 T eth_parse_enetaddr
bc0055a0 T eth_get_dev
bc0055b8 T eth_get_dev_index
bc005614 T eth_register
bc005710 T eth_initialize
bc0059d8 T eth_set_enetaddr
bc005b30 T eth_try_another
bc005c0c T eth_init
bc005cbc T eth_halt
bc005d14 T eth_send
bc005d4c T eth_rx
bc005d80 T eth_set_current
bc005e48 T eth_get_name
bc005e80 T HttpdHandler
bc005f40 T HttpdStart
bc005f80 T firmware_check
bc006228 T do_firmware_upgrade
bc006350 T httpd_init
bc00638c T httpd_appcall
bc006d14 T do_http_upgrade
bc006d1c T do_http_progress
bc006dc0 T uip_arp_init
bc006e40 T uip_arp_timer
bc006f08 t uip_arp_update
bc0070e8 T uip_arp_ipin
bc007178 T uip_arp_arpin
bc0072f0 T uip_arp_out
bc007540 T uip_init
bc0075e4 T uip_connect
bc0077a8 T uip_unlisten
bc007808 T uip_listen
bc007868 t uip_add_rcv_nxt
bc0078e4 T uip_process
bc008eb0 t fs_strcmp
bc008f00 T fs_open
bc008fbc T fs_init
bc008ff8 T fs_count
bc009090 T uip_add32
bc009164 T uip_chksum
bc0091dc T uip_ipchksum
bc009218 T uip_tcpchksum
bc009380 T START_ETH
bc0093e0 T STOP_ETH
bc009448 T rt2880_free_buf_entry_dequeue
bc00947c t rt2880_free_buf_entry_enqueue
bc0094fc T rt2880_eth_initialize
bc009758 T IsSwitchVlanTableBusy
bc0097ec T LANWANPartition
bc009948 T isDMABusy
bc0099b8 t rt2880_eth_init
bc009d20 T rt_gsw_init
bc00a210 t rt2880_eth_send
bc00a3d4 t rt2880_eth_recv
bc00a5e4 T rt2880_eth_halt
bc00a5fc t delete_char
bc00a754 T readline
bc00aa70 T input_value
bc00ab00 T enable_mdio
bc00ab34 T __mii_mgr_read
bc00ac98 T __mii_mgr_write
bc00adfc T mii_mgr_read
bc00aee4 T mii_mgr_write
bc00af94 T dump_phy_reg
bc00b150 T rt2880_mdio_access
bc00b780 T enable_ephy
bc00b788 T disable_ephy
bc00b790 T spic_init
bc00b89c t raspi_cmd
bc00baf0 t raspi_write_rg
bc00bbac t raspi_read_sr
bc00bc3c t raspi_write_sr
bc00bcd0 t raspi_wait_ready
bc00bdb4 t raspi_4byte_mode
bc00bff8 T chip_prob
bc00c180 T raspi_init
bc00c1d8 T raspi_erase
bc00c44c T raspi_read
bc00c570 T raspi_write
bc00c8b0 T raspi_erase_write
bc00cc98 T do_mem_cp
bc00cdc4 T do_flerase
bc00d1a0 T run_command
bc00d6a4 T main_loop
bc00d7f0 T do_go
bc00d8d0 T print_image_hdr
bc00dc84 T do_bootm
bc00e320 T send_pad
bc00e378 T ktrans
bc00e3b4 T chk1
bc00e3ec T s1_sendpacket
bc00e44c T send_ack
bc00e4d8 T send_nack
bc00e564 t bin_data_init
bc00e594 t bin_data_char
bc00e5e0 T k_data_init
bc00e600 T k_data_save
bc00e650 T k_data_restore
bc00e6a0 T k_data_char
bc00e744 T handle_send_packet
bc00e9a4 T do_load_serial_bin
bc00eff0 T do_httpd
bc00f008 T do_tftpb
bc00f440 T cmd_get_data_size
bc00f4f8 T do_mem_md
bc00f7c8 T do_mem_base
bc00f834 T do_mem_loop
bc00f9bc t mod_mem
bc00fbc8 T do_mem_nm
bc00fc10 T do_mem_mm
bc00fc60 t envmatch
bc00fd04 T do_printenv
bc00ff74 T _do_setenv
bc010718 T setenv
bc01076c T do_setenv
bc0107e0 T getenv
bc0108b8 T do_saveenv
bc010910 T do_version
bc010950 T find_cmd
bc010a70 T do_help
bc010cdc T var_complete
bc010d68 t install_auto_complete_handler
bc010dac T install_auto_complete
bc010e08 T cmd_auto_complete
bc011460 t console_setfile
bc011548 T serial_printf
bc0115a0 T fgetc
bc0115d8 T ftstc
bc011610 T fputc
bc011654 T fputs
bc011694 T fprintf
bc0116f4 T getc
bc011734 T tstc
bc011774 T putc
bc0117bc T puts
bc0117fc T printf
bc011854 T vprintf
bc0118a0 T ctrlc
bc011924 T disable_ctrlc
bc011940 T had_ctrlc
bc011958 T clear_ctrlc
bc011970 T dbg
bc011980 T console_assign
bc011a9c T console_init_f
bc011aac T console_init_r
bc011c20 T device_register
bc011c64 T devices_init
bc011d60 T devices_done
bc011da0 T malloc_bin_reloc
bc011de0 t do_check_chunk
bc011de8 t do_check_free_chunk
bc011df0 t do_check_inuse_chunk
bc011df8 t do_check_malloced_chunk
bc011e00 T malloc_trim
bc011f28 T free
bc01219c T malloc
bc0128e8 T realloc
bc012e5c T memalign
bc012ff4 T valloc
bc013010 T pvalloc
bc013034 T calloc
bc013148 T cfree
bc013160 T malloc_usable_size
bc0131b8 T mallopt
bc013250 T env_crc_update
bc0132a0 t env_get_char_init
bc0132ec T env_get_char_memory
bc013320 T env_get_addr
bc013350 T env_relocate
bc01343c T env_complete
bc013600 t dummy
bc013608 T get_version
bc013610 T jumptable_init
bc0136b0 T NewHandle
bc01375c T DisposeHandle
bc0137b8 T GetHandleSize
bc0137c0 T SetHandleSize
bc013888 T ListCreate
bc0138f8 T ListDispose
bc013910 T ListInsertItems
bc013b5c T ListInsertItem
bc013b74 T ListGetPtrToItem
bc013bb4 T ListNumItems
bc013bc0 T uart_pcm_mode
bc013bfc T uart_gpio_mode
bc013c38 T set_gpio_dir
bc013c9c T set_gpio_dirout
bc013d3c T gpio_set
bc013ddc T gpio_get
bc013e60 T led_control
bc013ebc T gpio_init
bc014020 T detect_button
bc0140a8 T LEDON
bc0140c0 T LEDOFF
bc0140e0 T do_ledon
bc014118 T do_ledoff
bc014150 T do_gpio
bc014348 T do_gpio_test
bc0143a0 T env_get_char_spec
bc0143b0 T env_init
bc0143d4 T spi_env_init
bc0144a0 T saveenv
bc0145fc T env_relocate_spec
bc014630 T crc32
bc014850 T display_options
bc014890 T print_size
bc0149a0 T strnicmp
bc014a24 T strcat
bc014a5c T strncat
bc014aa8 T strchr
bc014ae4 T strlen
bc014b08 T strrchr
bc014b80 T strnlen
bc014bbc T strdup
bc014c34 T strspn
bc014c94 T strpbrk
bc014ce4 T strtok
bc014da4 T strsep
bc014e10 T strswab
bc014e5c T memset
bc014e88 T memcpy
bc014eb8 T memmove
bc014f34 T memcmp
bc014f64 T strstr
bc015024 T memchr
bc015060 T simple_strtoul
bc015154 T simple_strtol
bc0151a4 t skip_atoi
bc015204 t number
bc015478 T vsprintf
bc0159d4 T sprintf
bc015a10 T RangeDecoderReadByte
bc015a44 T RangeDecoderInit
bc015acc T RangeDecoderDecodeDirectBits
bc015b88 T RangeDecoderBitDecode
bc015c9c T RangeDecoderBitTreeDecode
bc015d30 T RangeDecoderReverseBitTreeDecode
bc015dd4 T LzmaLiteralDecode
bc015e44 T LzmaLiteralDecodeMatch
bc015f1c T LzmaLenDecode
bc016008 T LzmaDecode
bc01647c T lzmaBuffToBuffDecompress
bc016690 T get_ram_size
bc01684c T initdram
bc016888 T checkboard
bc016910 T serial_setbrg
bc016978 T serial_init
bc0169b0 T serial_putc
bc016a04 T serial_tstc
bc016a18 T serial_getc
bc016a3c T serial_puts
bc016a90 T do_reset
bc016aa8 T flush_cache
bc016ab0 t linux_env_set
bc016bd8 T do_bootm_linux
bc0173c0 R version_string
bc017460 r bitmap_bits
bc0174b0 r data_flash_html
bc017948 r data_404_html
bc017a90 r data_index_html
bc017d14 r data_error_html
bc017f50 r __func__.2
bc017f60 r __func__.1
bc017f70 r __func__.3
bc017f80 r __func__.6
bc017f94 r __func__.7
bc017fa8 r __func__.10
bc017fbc r __func__.9
bc017fc8 r __func__.0
bc017fd8 r __func__.8
bc017fe4 r __func__.5
bc017ff0 r __func__.4
bc0180d0 r baudrate_table
bc0180f0 r p.0
bc01b9b0 D NetOurNativeVLAN
bc01b9b2 D NetOurVLAN
bc01b9b4 D NetBcastAddr
bc01b9c0 D image_type
bc01b9c4 D firmware_image_type
bc01bb10 d eol
bc01bb14 d led_sate.1
bc01bb20 D uip_ethaddr
bc01bb30 d tab_seq
bc01bb3c d erase_seq
bc01bb40 D load_addr
bc01bb50 D dp_last_length
bc01bb60 d mmap_threshold
bc01bb64 d trim_threshold
bc01bb68 d sbrk_base
bc01bb70 D default_environment
bc01bc00 d flash_addr
bc01bc10 d crc_table_empty
bc01bc20 D _ctype
bc01bd20 D file_flash_html
bc01bd34 D file_404_html
bc01bd48 D file_index_html
bc01bd5c D file_error_html
bc01bd70 d chips_data
bc01c028 D stdio_names
bc01c034 d av_
bc01c43c D env_get_char
bc01c440 D env_name_spec
bc01c450 A _gp
bc01c450 D _GLOBAL_OFFSET_TABLE_
bc01c450 D __got_start
bc01c9b8 A __u_boot_cmd_start
bc01c9b8 D __got_end
bc01c9b8 D __u_boot_cmd_rf
bc01c9d4 D __u_boot_cmd_mdio
bc01c9f0 D __u_boot_cmd_erase
bc01ca0c D __u_boot_cmd_cp
bc01ca28 D __u_boot_cmd_reset
bc01ca44 D __u_boot_cmd_go
bc01ca60 D __u_boot_cmd_bootm
bc01ca7c D __u_boot_cmd_loadb
bc01ca98 D __u_boot_cmd_tftpboot
bc01cab4 D __u_boot_cmd_httpd
bc01cad0 D __u_boot_cmd_nm
bc01caec D __u_boot_cmd_mm
bc01cb08 D __u_boot_cmd_md
bc01cb24 D __u_boot_cmd_saveenv
bc01cb40 D __u_boot_cmd_setenv
bc01cb5c D __u_boot_cmd_printenv
bc01cb78 D __u_boot_cmd_question_mark
bc01cb94 D __u_boot_cmd_help
bc01cbb0 D __u_boot_cmd_version
bc01cbcc D __u_boot_cmd_ledoff
bc01cbe8 D __u_boot_cmd_ledon
bc01cc04 D __u_boot_cmd_gpiotest
bc01cc20 D __u_boot_cmd_gpio
bc01cc3c A __u_boot_cmd_end
bc01cc3c A uboot_end_data
bc01cc40 B modifies
bc01cc44 b mem_malloc_start
bc01cc48 b mem_malloc_end
bc01cc4c b mem_malloc_brk
bc01cc50 b file_name_space
bc01ccd0 B NetTxPacket
bc01ccd4 B NetRestartWrap
bc01ccd8 B NetEtherNullAddr
bc01cce0 B NetServerEther
bc01cce6 B NetBootFileSize
bc01cce8 B NetOurRootPath
bc01cd28 B NetOurHostName
bc01cd48 B NetOurNISDomain
bc01cd68 B NetOurDNSIP
bc01cd6c B NetOurGatewayIP
bc01cd70 B NetOurSubnetMask
bc01cd74 B httpd_upload_data
bc01cd78 B httpd_upload_complete
bc01cd7c b https_running
bc01cd80 b NetDevExists
bc01cd84 b NetRestarted
bc01cd88 b packetHandler
bc01cd8c b timeHandler
bc01cd90 b timeStart
bc01cd94 b timeDelta
bc01cd98 b NetTryCount
bc01cda0 b TftpServerPort
bc01cda4 b TftpOurPort
bc01cda8 b TftpTimeoutCount
bc01cdac b TftpBlock
bc01cdb0 b TftpLastBlock
bc01cdb4 b TftpBlockWrap
bc01cdb8 b TftpBlockWrapOffset
bc01cdbc b TftpState
bc01cdc0 b default_filename
bc01cdd0 b tftp_filename
bc01cde0 b first_failed.0
bc01cde4 b eth_devices
bc01cde8 b eth_current
bc01cdf0 b arptimer
bc01ce00 B upload_running
bc01ce04 b boundary_len
bc01ce08 b i.0
bc01ce0c b flag
bc01ce10 b ptr_to_ram
bc01ce20 b arp_table
bc01ce80 b ipaddr
bc01ce84 b i
bc01ce85 b c
bc01ce86 b arptime
bc01ce87 b tmpage
bc01ce90 b ipid
bc01ce94 b iss
bc01ce98 b lastport
bc01ce9a b c
bc01ce9b b opt
bc01ce9c b tmp16
bc01cea0 b uip_reassbuf
bc01d470 b uip_reassbitmap
bc01d488 b uip_reasslen
bc01d48a b uip_reassflags
bc01d48b b uip_reasstmr
bc01d490 b count
bc01d4a0 b rt2880_free_buf
bc01d780 b tx_ring0_cache
bc01d900 b rx_ring_cache
bc01da80 b rx_dma_owner_idx0
bc01da84 b rx_wants_alloc_idx0
bc01da88 b tx_cpu_owner_idx0
bc01da8c b rx_ring
bc01da90 b tx_ring0
bc01da94 b rxRingSize
bc01da95 b txRingSize
bc01da98 b rt2880_eth_initd
bc01da9c b PKT_HEADER_Buf_Pool
bc0342e0 B spi_chip_info
bc0342e4 b spi_wait_nsec
bc0342f0 b lastcommand.0
bc0343f0 b a_b
bc034408 b os_data_state
bc03440c b os_data_state_saved
bc034410 b os_data_count_saved
bc034414 b os_data_addr
bc034418 b os_data_addr_saved
bc03441c b bin_start_address
bc034420 b k_data_escape
bc034424 b k_data_escape_saved
bc034430 b base_address
bc034440 b tmp_buf.0
bc034640 b tmp_buf
bc034740 b ctrlc_was_pressed
bc034744 b ctrlc_disabled
bc034750 B stdio_devices
bc03475c B devlist
bc034760 b n_mmaps_max
bc034764 b top_pad
bc034768 b current_mallinfo
bc034790 b max_total_mem
bc034794 b mmapped_mem
bc034798 b max_sbrked_mem
bc0347a0 b crc_table
bc034ba0 b linux_argc
bc034ba4 b linux_argv
bc034ba8 b linux_env
bc034bac b linux_env_p
bc034bb0 b linux_env_idx
bc034bc0 B gd_data
bc034be4 B Pkt_Buf_Pool
bc04c024 B NetRxPackets
bc04c114 B BootFile
bc04c194 B NetArpWaitPacketBuf
bc04c7d4 B uip_conns
bc04c9b4 B uip_listenports
bc04c9c8 B uip_buf
bc04cfa8 B console_buffer
bc04d0a8 B console_history
bc04daa8 B header
bc04dae8 B os_data_header
bc04db08 B send_parms
bc04db1c A uboot_end
bc04db1c C monitor_flash_len
bc04db20 C mips_bus_feq
bc04db24 C mips_cpu_feq
bc04db28 C NetArpWaitTry
bc04db2c C NetArpWaitPacketMAC
bc04db30 C NetOurEther
bc04db38 C NetOurIP
bc04db3c C NetServerIP
bc04db40 C NetArpWaitTxPacketSize
bc04db44 C NetArpWaitReplyIP
bc04db48 C NetArpWaitTxPacket
bc04db4c C NetArpWaitPacketIP
bc04db50 C NetState
bc04db54 C NetIPID
bc04db58 C NetRxPkt
bc04db5c C NetRxPktLen
bc04db60 C NetBootFileXferSize
bc04db64 C PktBuf
bc04db68 C NetArpWaitTimerStart
bc04db6c C TftpStarted
bc04db70 C hs
bc04db74 C upload_data
bc04db78 C uip_len
bc04db7c C uip_sappdata
bc04db80 C uip_acc32
bc04db84 C uip_flags
bc04db88 C uip_appdata
bc04db8c C uip_conn
bc04db90 C uip_arp_netmask
bc04db94 C uip_surglen
bc04db98 C uip_urgdata
bc04db9c C uip_hostaddr
bc04dba0 C uip_arp_draddr
bc04dba4 C uip_urglen
bc04dba6 C uip_slen
bc04dba8 C rt2880_free_buf_list
bc04dbb0 C PKT_HEADER_Buf
bc04dbb4 C rt2880_pdev
bc04dbb8 C rt2880_busing_buf_list
bc04dbc0 C flash_size
bc04dbc4 C his_pad_char
bc04dbc8 C os_data_count
bc04dbcc C os_data_init
bc04dbd0 C send_ptr
bc04dbd4 C os_data_char
bc04dbd8 C his_eol
bc04dbd9 C his_quote
bc04dbdc C his_pad_count
bc04dbe0 C dp_last_size
bc04dbe4 C dp_last_addr
bc04dbe8 C mm_last_size
bc04dbec C mm_last_addr
bc04dbf0 C env_ptr
bc04dbf4 C ___strtok
