Archive member included because of file (symbol)

lib_mips/libmips.a(board.o)   (__u_boot_cmd_rf)
lib_mips/libmips.a(time.o)    lib_mips/libmips.a(board.o) (timer_init)
net/libnet.a(net.o)           lib_mips/libmips.a(board.o) (copy_filename)
net/libnet.a(tftp.o)          net/libnet.a(net.o) (TftpSend)
net/libnet.a(eth.o)           net/libnet.a(net.o) (eth_get_dev)
net/libnet.a(httpd.o)         net/libnet.a(net.o) (HttpdHandler)
net/libnet.a(fw_upgrade.o)    net/libnet.a(net.o) (image_type)
net/libnet.a(httpd.o)         net/libnet.a(httpd.o) (httpd_init)
net/libnet.a(uip_arp.o)       net/libnet.a(net.o) (uip_ethaddr)
net/libnet.a(uip.o)           net/libnet.a(httpd.o) (uip_init)
net/libnet.a(fs.o)            net/libnet.a(httpd.o) (file_flash_html)
net/libnet.a(uip_arch.o)      net/libnet.a(uip.o) (uip_add32)
drivers/libdrivers.a(rt2880_eth.o)
                              net/libnet.a(net.o) (rt2880_free_buf_entry_dequeue)
drivers/libdrivers.a(mii_mgr.o)
                              (__u_boot_cmd_mdio)
drivers/libdrivers.a(spi_flash.o)
                              (__u_boot_cmd_erase)
common/libcommon.a(main.o)    lib_mips/libmips.a(board.o) (main_loop)
common/libcommon.a(cmd_boot.o)
                              (__u_boot_cmd_reset)
common/libcommon.a(cmd_bootm.o)
                              (__u_boot_cmd_bootm)
common/libcommon.a(cmd_load.o)
                              (__u_boot_cmd_loadb)
common/libcommon.a(cmd_net.o)
                              (__u_boot_cmd_tftpboot)
common/libcommon.a(cmd_mem.o)
                              (__u_boot_cmd_nm)
common/libcommon.a(cmd_nvedit.o)
                              (__u_boot_cmd_saveenv)
common/libcommon.a(command.o)
                              (__u_boot_cmd_question_mark)
common/libcommon.a(console.o)
                              lib_mips/libmips.a(board.o) (printf)
common/libcommon.a(devices.o)
                              common/libcommon.a(console.o) (stdio_names)
common/libcommon.a(dlmalloc.o)
                              lib_mips/libmips.a(board.o) (malloc_bin_reloc)
common/libcommon.a(env_common.o)
                              common/libcommon.a(cmd_nvedit.o) (env_get_char)
common/libcommon.a(exports.o)
                              lib_mips/libmips.a(board.o) (jumptable_init)
common/libcommon.a(lists.o)   common/libcommon.a(devices.o) (ListCreate)
common/libcommon.a(gpio.o)    net/libnet.a(httpd.o) (led_control)
common/libcommon.a(cmd_ledctrl.o)
                              (__u_boot_cmd_ledoff)
common/libcommon.a(cmd_gpio.o)
                              (__u_boot_cmd_gpiotest)
common/libcommon.a(env_spi.o)
                              lib_mips/libmips.a(board.o) (env_name_spec)
lib_generic/libgeneric.a(crc32.o)
                              net/libnet.a(fw_upgrade.o) (crc32)
lib_generic/libgeneric.a(display_options.o)
                              lib_mips/libmips.a(board.o) (print_size)
lib_generic/libgeneric.a(string.o)
                              common/libcommon.a(command.o) (strchr)
lib_generic/libgeneric.a(vsprintf.o)
                              lib_mips/libmips.a(board.o) (simple_strtoul)
lib_generic/libgeneric.a(LzmaDecode.o)
                              common/libcommon.a(cmd_bootm.o) (lzmaBuffToBuffDecompress)
lib_generic/libgeneric.a(ctype.o)
                              lib_generic/libgeneric.a(string.o) (_ctype)
board/rt2880/librt2880.a(rt2880.o)
                              lib_mips/libmips.a(board.o) (initdram)
board/rt2880/librt2880.a(serial.o)
                              common/libcommon.a(cmd_load.o) (serial_setbrg)
cpu/ralink_soc/libralink_soc.a(cpu.o)
                              lib_mips/libmips.a(board.o) (do_reset)
lib_mips/libmips.a(mips_linux.o)
                              common/libcommon.a(cmd_bootm.o) (do_bootm_linux)

Allocating common symbols
Common symbol       size              file

dp_last_size        0x4               common/libcommon.a(cmd_mem.o)
console_buffer      0x100             drivers/libdrivers.a(rt2880_eth.o)
NetArpWaitTry       0x4               net/libnet.a(net.o)
NetArpWaitPacketMAC
                    0x4               net/libnet.a(net.o)
NetOurEther         0x6               net/libnet.a(net.o)
uip_len             0x2               net/libnet.a(uip.o)
NetOurIP            0x4               net/libnet.a(net.o)
NetServerIP         0x4               net/libnet.a(net.o)
monitor_flash_len   0x4               lib_mips/libmips.a(board.o)
hs                  0x4               net/libnet.a(httpd.o)
Pkt_Buf_Pool        0x17440           net/libnet.a(net.o)
___strtok           0x4               lib_generic/libgeneric.a(string.o)
NetArpWaitTxPacketSize
                    0x4               net/libnet.a(net.o)
NetArpWaitReplyIP   0x4               net/libnet.a(net.o)
uip_sappdata        0x4               net/libnet.a(uip.o)
NetRxPackets        0xf0              net/libnet.a(net.o)
NetArpWaitTxPacket  0x4               net/libnet.a(net.o)
uip_acc32           0x4               net/libnet.a(uip.o)
rt2880_free_buf_list
                    0x8               drivers/libdrivers.a(rt2880_eth.o)
PKT_HEADER_Buf      0x4               drivers/libdrivers.a(rt2880_eth.o)
NetArpWaitPacketIP  0x4               net/libnet.a(net.o)
NetState            0x4               net/libnet.a(net.o)
uip_flags           0x1               net/libnet.a(uip.o)
BootFile            0x80              net/libnet.a(net.o)
rt2880_pdev         0x4               drivers/libdrivers.a(rt2880_eth.o)
dp_last_addr        0x4               common/libcommon.a(cmd_mem.o)
his_pad_char        0x1               common/libcommon.a(cmd_load.o)
env_ptr             0x4               common/libcommon.a(env_spi.o)
os_data_count       0x4               common/libcommon.a(cmd_load.o)
mm_last_size        0x4               common/libcommon.a(cmd_mem.o)
os_data_init        0x4               common/libcommon.a(cmd_load.o)
mips_bus_feq        0x4               lib_mips/libmips.a(board.o)
mm_last_addr        0x4               common/libcommon.a(cmd_mem.o)
rt2880_busing_buf_list
                    0x8               drivers/libdrivers.a(rt2880_eth.o)
NetIPID             0x4               net/libnet.a(net.o)
send_ptr            0x4               common/libcommon.a(cmd_load.o)
mips_cpu_feq        0x4               lib_mips/libmips.a(board.o)
upload_data         0x4               net/libnet.a(httpd.o)
uip_appdata         0x4               net/libnet.a(uip.o)
uip_conn            0x4               net/libnet.a(uip.o)
NetRxPkt            0x4               net/libnet.a(net.o)
uip_conns           0x1e0             net/libnet.a(uip.o)
os_data_header      0x20              common/libcommon.a(cmd_load.o)
uip_arp_netmask     0x4               net/libnet.a(uip.o)
os_data_char        0x4               common/libcommon.a(cmd_load.o)
gd_data             0x24              lib_mips/libmips.a(board.o)
NetArpWaitPacketBuf
                    0x640             net/libnet.a(net.o)
TftpStarted         0x4               net/libnet.a(tftp.o)
uip_listenports     0x14              net/libnet.a(uip.o)
his_eol             0x1               common/libcommon.a(cmd_load.o)
header              0x40              common/libcommon.a(cmd_bootm.o)
NetRxPktLen         0x4               net/libnet.a(net.o)
uip_surglen         0x1               net/libnet.a(uip.o)
his_quote           0x1               common/libcommon.a(cmd_load.o)
NetBootFileXferSize
                    0x4               net/libnet.a(net.o)
console_history     0xa00             common/libcommon.a(main.o)
PktBuf              0x4               net/libnet.a(net.o)
send_parms          0x14              common/libcommon.a(cmd_load.o)
uip_urgdata         0x4               net/libnet.a(uip.o)
uip_hostaddr        0x4               net/libnet.a(uip.o)
uip_arp_draddr      0x4               net/libnet.a(uip.o)
his_pad_count       0x4               common/libcommon.a(cmd_load.o)
uip_urglen          0x1               net/libnet.a(uip.o)
uip_buf             0x5de             net/libnet.a(uip.o)
flash_size          0x4               drivers/libdrivers.a(spi_flash.o)
uip_slen            0x2               net/libnet.a(uip.o)
NetArpWaitTimerStart
                    0x4               net/libnet.a(net.o)

Memory Configuration

Name             Origin             Length             Attributes
*default*        0x0000000000000000 0xffffffffffffffff

Linker script and memory map

                0x0000000000000000                . = 0x0
                0x0000000000000000                . = ALIGN (0x4)

.text           0x00000000bc000000    0x173c0
 *(.text)
 .text          0x00000000bc000000      0xd40 cpu/ralink_soc/start.o
                0x00000000bc000c98                DDR2_CFG0_TBL
                0x00000000bc000970                relocate_code
                0x00000000bc000b90                SDR_CFG0_TBL
                0x00000000bc000bf8                DDR1_CFG1_TBL
                0x00000000bc000000                _start
                0x00000000bc000bd0                DDR1_CFG0_TBL
                0x00000000bc000cb8                DDR2_CFG1_TBL
                0x00000000bc000a34                init_cpu_pll
                0x00000000bc000bb0                SDR_CFG1_TBL
 .text          0x00000000bc000d40     0x1c80 lib_mips/libmips.a(board.o)
                0x00000000bc002880                do_rw_rf
                0x00000000bc000e64                show_tftp_logo
                0x00000000bc002850                hang
                0x00000000bc000d40                show_logo
                0x00000000bc0018b8                rw_rf_reg
                0x00000000bc0019e0                board_init_r
                0x00000000bc00131c                OperationSelect
                0x00000000bc001018                sbrk
                0x00000000bc000f48                show_httpd_logo
                0x00000000bc001068                board_init_f
                0x00000000bc0013dc                tftp_config
                0x00000000bc0019a8                config_usb_ehciohci
                0x00000000bc0018b0                trigger_hw_reset
 .text          0x00000000bc0029c0      0x1b0 lib_mips/libmips.a(time.o)
                0x00000000bc002b4c                set_timer
                0x00000000bc002b30                reset_timer
                0x00000000bc002b24                get_tbclk
                0x00000000bc002a14                get_timer
                0x00000000bc0029d0                timer_init
                0x00000000bc002a58                udelay
                0x00000000bc002ae8                get_ticks
 .text          0x00000000bc002b70     0x2050 net/libnet.a(net.o)
                0x00000000bc003698                getenv_IPaddr
                0x00000000bc003458                NetCksumOk
                0x00000000bc002dec                NetSetTimeout
                0x00000000bc0034e0                copy_filename
                0x00000000bc003498                NetEthHdrSize
                0x00000000bc003554                ip_to_string
                0x00000000bc002fe8                ArpTimeoutCheck
                0x00000000bc003f18                NetReceive
                0x00000000bc0045e0                NetLoopHttpd
                0x00000000bc0035d4                string_to_ip
                0x00000000bc00328c                NetSendUDPPacket
                0x00000000bc004b70                print_IPaddr
                0x00000000bc002b70                NetSetEther
                0x00000000bc003e34                NetReceiveHttpd
                0x00000000bc0037fc                NetLoop
                0x00000000bc002c5c                ArpRequest
                0x00000000bc0036d4                VLAN_to_string
                0x00000000bc0037b8                getenv_VLAN
                0x00000000bc0030d0                NetCksum
                0x00000000bc003118                NetSetIP
                0x00000000bc003748                string_to_VLAN
                0x00000000bc003d9c                NetSendHttpd
                0x00000000bc002e68                NetStartAgain
                0x00000000bc002e50                NetSetHandler
                0x00000000bc0030b8                NetSendPacket
 .text          0x00000000bc004bc0      0x940 net/libnet.a(tftp.o)
                0x00000000bc004bc0                TftpSend
                0x00000000bc005224                TftpStart
 .text          0x00000000bc005500      0x980 net/libnet.a(eth.o)
                0x00000000bc005cbc                eth_halt
                0x00000000bc005614                eth_register
                0x00000000bc0055a0                eth_get_dev
                0x00000000bc005500                eth_parse_enetaddr
                0x00000000bc005b30                eth_try_another
                0x00000000bc0059d8                eth_set_enetaddr
                0x00000000bc005710                eth_initialize
                0x00000000bc005d80                eth_set_current
                0x00000000bc005d4c                eth_rx
                0x00000000bc0055b8                eth_get_dev_index
                0x00000000bc005c0c                eth_init
                0x00000000bc005e48                eth_get_name
                0x00000000bc005d14                eth_send
 .text          0x00000000bc005e80      0x100 net/libnet.a(httpd.o)
                0x00000000bc005f40                HttpdStart
                0x00000000bc005e80                HttpdHandler
 .text          0x00000000bc005f80      0x3d0 net/libnet.a(fw_upgrade.o)
                0x00000000bc006228                do_firmware_upgrade
                0x00000000bc005f80                firmware_check
 .text          0x00000000bc006350      0xa70 net/libnet.a(httpd.o)
                0x00000000bc006d1c                do_http_progress
                0x00000000bc006350                httpd_init
                0x00000000bc00638c                httpd_appcall
                0x00000000bc006d14                do_http_upgrade
 .text          0x00000000bc006dc0      0x780 net/libnet.a(uip_arp.o)
                0x00000000bc0072f0                uip_arp_out
                0x00000000bc007178                uip_arp_arpin
                0x00000000bc006e40                uip_arp_timer
                0x00000000bc006dc0                uip_arp_init
                0x00000000bc0070e8                uip_arp_ipin
 .text          0x00000000bc007540     0x1970 net/libnet.a(uip.o)
                0x00000000bc0077a8                uip_unlisten
                0x00000000bc0078e4                uip_process
                0x00000000bc007808                uip_listen
                0x00000000bc0075e4                uip_connect
                0x00000000bc007540                uip_init
 .text          0x00000000bc008eb0      0x1e0 net/libnet.a(fs.o)
                0x00000000bc008f00                fs_open
                0x00000000bc008fbc                fs_init
                0x00000000bc008ff8                fs_count
 .text          0x00000000bc009090      0x2f0 net/libnet.a(uip_arch.o)
                0x00000000bc009090                uip_add32
                0x00000000bc0091dc                uip_ipchksum
                0x00000000bc009218                uip_tcpchksum
                0x00000000bc009164                uip_chksum
 .text          0x00000000bc009380     0x1780 drivers/libdrivers.a(rt2880_eth.o)
                0x00000000bc009d20                rt_gsw_init
                0x00000000bc009758                IsSwitchVlanTableBusy
                0x00000000bc0094fc                rt2880_eth_initialize
                0x00000000bc009448                rt2880_free_buf_entry_dequeue
                0x00000000bc00a754                readline
                0x00000000bc00aa70                input_value
                0x00000000bc0093e0                STOP_ETH
                0x00000000bc0097ec                LANWANPartition
                0x00000000bc009948                isDMABusy
                0x00000000bc009380                START_ETH
                0x00000000bc00a5e4                rt2880_eth_halt
 .text          0x00000000bc00ab00      0xc90 drivers/libdrivers.a(mii_mgr.o)
                0x00000000bc00b780                enable_ephy
                0x00000000bc00b788                disable_ephy
                0x00000000bc00af94                dump_phy_reg
                0x00000000bc00aee4                mii_mgr_write
                0x00000000bc00adfc                mii_mgr_read
                0x00000000bc00ab00                enable_mdio
                0x00000000bc00ab34                __mii_mgr_read
                0x00000000bc00b150                rt2880_mdio_access
                0x00000000bc00ac98                __mii_mgr_write
 .text          0x00000000bc00b790     0x1a10 drivers/libdrivers.a(spi_flash.o)
                0x00000000bc00c44c                raspi_read
                0x00000000bc00b790                spic_init
                0x00000000bc00cc98                do_mem_cp
                0x00000000bc00c180                raspi_init
                0x00000000bc00cdc4                do_flerase
                0x00000000bc00bff8                chip_prob
                0x00000000bc00c1d8                raspi_erase
                0x00000000bc00c570                raspi_write
                0x00000000bc00c8b0                raspi_erase_write
 .text          0x00000000bc00d1a0      0x650 common/libcommon.a(main.o)
                0x00000000bc00d1a0                run_command
                0x00000000bc00d6a4                main_loop
 .text          0x00000000bc00d7f0       0xe0 common/libcommon.a(cmd_boot.o)
                0x00000000bc00d7f0                do_go
 .text          0x00000000bc00d8d0      0xa50 common/libcommon.a(cmd_bootm.o)
                0x00000000bc00d8d0                print_image_hdr
                0x00000000bc00dc84                do_bootm
 .text          0x00000000bc00e320      0xcd0 common/libcommon.a(cmd_load.o)
                0x00000000bc00e5e0                k_data_init
                0x00000000bc00e3ec                s1_sendpacket
                0x00000000bc00e744                handle_send_packet
                0x00000000bc00e650                k_data_restore
                0x00000000bc00e4d8                send_nack
                0x00000000bc00e9a4                do_load_serial_bin
                0x00000000bc00e6a0                k_data_char
                0x00000000bc00e3b4                chk1
                0x00000000bc00e600                k_data_save
                0x00000000bc00e378                ktrans
                0x00000000bc00e320                send_pad
                0x00000000bc00e44c                send_ack
 .text          0x00000000bc00eff0      0x450 common/libcommon.a(cmd_net.o)
                0x00000000bc00eff0                do_httpd
                0x00000000bc00f008                do_tftpb
 .text          0x00000000bc00f440      0x820 common/libcommon.a(cmd_mem.o)
                0x00000000bc00f7c8                do_mem_base
                0x00000000bc00fbc8                do_mem_nm
                0x00000000bc00fc10                do_mem_mm
                0x00000000bc00f440                cmd_get_data_size
                0x00000000bc00f834                do_mem_loop
                0x00000000bc00f4f8                do_mem_md
 .text          0x00000000bc00fc60      0xcb0 common/libcommon.a(cmd_nvedit.o)
                0x00000000bc0107e0                getenv
                0x00000000bc00ff74                _do_setenv
                0x00000000bc00fd04                do_printenv
                0x00000000bc010718                setenv
                0x00000000bc0108b8                do_saveenv
                0x00000000bc01076c                do_setenv
 .text          0x00000000bc010910      0xb50 common/libcommon.a(command.o)
                0x00000000bc010e08                cmd_auto_complete
                0x00000000bc010950                find_cmd
                0x00000000bc010dac                install_auto_complete
                0x00000000bc010a70                do_help
                0x00000000bc010cdc                var_complete
                0x00000000bc010910                do_version
 .text          0x00000000bc011460      0x7c0 common/libcommon.a(console.o)
                0x00000000bc011aac                console_init_r
                0x00000000bc0117fc                printf
                0x00000000bc011980                console_assign
                0x00000000bc0116f4                getc
                0x00000000bc0117bc                puts
                0x00000000bc011970                dbg
                0x00000000bc011548                serial_printf
                0x00000000bc0115d8                ftstc
                0x00000000bc011694                fprintf
                0x00000000bc011734                tstc
                0x00000000bc011854                vprintf
                0x00000000bc0118a0                ctrlc
                0x00000000bc011774                putc
                0x00000000bc011924                disable_ctrlc
                0x00000000bc0115a0                fgetc
                0x00000000bc011940                had_ctrlc
                0x00000000bc011610                fputc
                0x00000000bc011a9c                console_init_f
                0x00000000bc011958                clear_ctrlc
                0x00000000bc011654                fputs
 .text          0x00000000bc011c20      0x180 common/libcommon.a(devices.o)
                0x00000000bc011c20                device_register
                0x00000000bc011d60                devices_done
                0x00000000bc011c64                devices_init
 .text          0x00000000bc011da0     0x14b0 common/libcommon.a(dlmalloc.o)
                0x00000000bc01219c                malloc
                0x00000000bc013010                pvalloc
                0x00000000bc013034                calloc
                0x00000000bc013160                malloc_usable_size
                0x00000000bc0128e8                realloc
                0x00000000bc011e00                malloc_trim
                0x00000000bc011da0                malloc_bin_reloc
                0x00000000bc0131b8                mallopt
                0x00000000bc012e5c                memalign
                0x00000000bc013148                cfree
                0x00000000bc012ff4                valloc
                0x00000000bc011f28                free
 .text          0x00000000bc013250      0x3b0 common/libcommon.a(env_common.o)
                0x00000000bc013320                env_get_addr
                0x00000000bc01343c                env_complete
                0x00000000bc013350                env_relocate
                0x00000000bc013250                env_crc_update
                0x00000000bc0132ec                env_get_char_memory
 .text          0x00000000bc013600       0xb0 common/libcommon.a(exports.o)
                0x00000000bc013610                jumptable_init
                0x00000000bc013608                get_version
 .text          0x00000000bc0136b0      0x510 common/libcommon.a(lists.o)
                0x00000000bc01375c                DisposeHandle
                0x00000000bc0138f8                ListDispose
                0x00000000bc013910                ListInsertItems
                0x00000000bc0136b0                NewHandle
                0x00000000bc0137c0                SetHandleSize
                0x00000000bc013b5c                ListInsertItem
                0x00000000bc0137b8                GetHandleSize
                0x00000000bc013bb4                ListNumItems
                0x00000000bc013b74                ListGetPtrToItem
                0x00000000bc013888                ListCreate
 .text          0x00000000bc013bc0      0x520 common/libcommon.a(gpio.o)
                0x00000000bc013c9c                set_gpio_dirout
                0x00000000bc0140c0                LEDOFF
                0x00000000bc013ddc                gpio_get
                0x00000000bc013bfc                uart_gpio_mode
                0x00000000bc0140a8                LEDON
                0x00000000bc013c38                set_gpio_dir
                0x00000000bc014020                detect_button
                0x00000000bc013bc0                uart_pcm_mode
                0x00000000bc013e60                led_control
                0x00000000bc013d3c                gpio_set
                0x00000000bc013ebc                gpio_init
 .text          0x00000000bc0140e0       0x70 common/libcommon.a(cmd_ledctrl.o)
                0x00000000bc014118                do_ledoff
                0x00000000bc0140e0                do_ledon
 .text          0x00000000bc014150      0x250 common/libcommon.a(cmd_gpio.o)
                0x00000000bc014150                do_gpio
                0x00000000bc014348                do_gpio_test
 .text          0x00000000bc0143a0      0x290 common/libcommon.a(env_spi.o)
                0x00000000bc0145fc                env_relocate_spec
                0x00000000bc0144a0                saveenv
                0x00000000bc0143a0                env_get_char_spec
                0x00000000bc0143d4                spi_env_init
                0x00000000bc0143b0                env_init
 .text          0x00000000bc014630      0x220 lib_generic/libgeneric.a(crc32.o)
                0x00000000bc014630                crc32
 .text          0x00000000bc014850      0x150 lib_generic/libgeneric.a(display_options.o)
                0x00000000bc014850                display_options
                0x00000000bc014890                print_size
 .text          0x00000000bc0149a0      0x6c0 lib_generic/libgeneric.a(string.o)
                0x00000000bc014eb8                memmove
                0x00000000bc014e88                memcpy
                0x00000000bc014e10                strswab
                0x00000000bc014b80                strnlen
                0x00000000bc014b08                strrchr
                0x00000000bc014a24                strcat
                0x00000000bc015024                memchr
                0x00000000bc014f64                strstr
                0x00000000bc014ce4                strtok
                0x00000000bc014f34                memcmp
                0x00000000bc014a5c                strncat
                0x00000000bc014bbc                strdup
                0x00000000bc014e5c                memset
                0x00000000bc014da4                strsep
                0x00000000bc0149a0                strnicmp
                0x00000000bc014c34                strspn
                0x00000000bc014ae4                strlen
                0x00000000bc014aa8                strchr
                0x00000000bc014c94                strpbrk
 .text          0x00000000bc015060      0x9b0 lib_generic/libgeneric.a(vsprintf.o)
                0x00000000bc015478                vsprintf
                0x00000000bc015154                simple_strtol
                0x00000000bc0159d4                sprintf
                0x00000000bc015060                simple_strtoul
 .text          0x00000000bc015a10      0xc80 lib_generic/libgeneric.a(LzmaDecode.o)
                0x00000000bc015a44                RangeDecoderInit
                0x00000000bc01647c                lzmaBuffToBuffDecompress
                0x00000000bc015acc                RangeDecoderDecodeDirectBits
                0x00000000bc015c9c                RangeDecoderBitTreeDecode
                0x00000000bc015dd4                LzmaLiteralDecode
                0x00000000bc015b88                RangeDecoderBitDecode
                0x00000000bc015d30                RangeDecoderReverseBitTreeDecode
                0x00000000bc015f1c                LzmaLenDecode
                0x00000000bc016008                LzmaDecode
                0x00000000bc015a10                RangeDecoderReadByte
                0x00000000bc015e44                LzmaLiteralDecodeMatch
 .text          0x00000000bc016690      0x280 board/rt2880/librt2880.a(rt2880.o)
                0x00000000bc016690                get_ram_size
                0x00000000bc016888                checkboard
                0x00000000bc01684c                initdram
 .text          0x00000000bc016910      0x180 board/rt2880/librt2880.a(serial.o)
                0x00000000bc016910                serial_setbrg
                0x00000000bc016a04                serial_tstc
                0x00000000bc0169b0                serial_putc
                0x00000000bc016978                serial_init
                0x00000000bc016a3c                serial_puts
                0x00000000bc016a18                serial_getc
 .text          0x00000000bc016a90       0x20 cpu/ralink_soc/libralink_soc.a(cpu.o)
                0x00000000bc016aa8                flush_cache
                0x00000000bc016a90                do_reset
 .text          0x00000000bc016ab0      0x910 lib_mips/libmips.a(mips_linux.o)
                0x00000000bc016bd8                do_bootm_linux
                0x00000000bc0173c0                . = ALIGN (0x4)

.rodata         0x00000000bc0173c0      0xd40
 *(.rodata)
 .rodata        0x00000000bc0173c0       0x50 lib_mips/libmips.a(board.o)
                0x00000000bc0173c0                version_string
 .rodata        0x00000000bc017410       0x10 net/libnet.a(net.o)
 .rodata        0x00000000bc017420       0x30 net/libnet.a(tftp.o)
 .rodata        0x00000000bc017450       0x10 net/libnet.a(eth.o)
 .rodata        0x00000000bc017460       0x50 net/libnet.a(uip.o)
 .rodata        0x00000000bc0174b0      0xaa0 net/libnet.a(fs.o)
 .rodata        0x00000000bc017f50       0xc0 drivers/libdrivers.a(spi_flash.o)
 .rodata        0x00000000bc018010       0xc0 common/libcommon.a(cmd_bootm.o)
 .rodata        0x00000000bc0180d0       0x20 common/libcommon.a(cmd_nvedit.o)
 .rodata        0x00000000bc0180f0       0x10 lib_generic/libgeneric.a(crc32.o)

.reginfo        0x00000000bc018100       0x18
 .reginfo       0x00000000bc018100       0x18 cpu/ralink_soc/start.o

.rodata.str1.4  0x00000000bc018118     0x3890
 .rodata.str1.4
                0x00000000bc018118      0xf2c lib_mips/libmips.a(board.o)
                                        0xf4c (size before relaxing)
 .rodata.str1.4
                0x00000000bc019044      0x41c net/libnet.a(net.o)
                                        0x438 (size before relaxing)
 .rodata.str1.4
                0x00000000bc019460      0x203 net/libnet.a(tftp.o)
                                        0x210 (size before relaxing)
 *fill*         0x00000000bc019663        0x1 00
 .rodata.str1.4
                0x00000000bc019664       0xfc net/libnet.a(eth.o)
                                        0x100 (size before relaxing)
 .rodata.str1.4
                0x00000000bc019760      0x15b net/libnet.a(fw_upgrade.o)
                                        0x15c (size before relaxing)
 *fill*         0x00000000bc0198bb        0x1 00
 .rodata.str1.4
                0x00000000bc0198bc       0xb6 net/libnet.a(httpd.o)
                                         0xc0 (size before relaxing)
 *fill*         0x00000000bc019972        0x2 00
 .rodata.str1.4
                0x00000000bc019974       0xa5 net/libnet.a(uip.o)
                                         0xa8 (size before relaxing)
 *fill*         0x00000000bc019a19        0x3 00
 .rodata.str1.4
                0x00000000bc019a1c      0x1b4 drivers/libdrivers.a(rt2880_eth.o)
 .rodata.str1.4
                0x00000000bc019bd0      0x43f drivers/libdrivers.a(mii_mgr.o)
                                        0x450 (size before relaxing)
 *fill*         0x00000000bc01a00f        0x1 00
 .rodata.str1.4
                0x00000000bc01a010      0x4dd drivers/libdrivers.a(spi_flash.o)
                                        0x4f4 (size before relaxing)
 *fill*         0x00000000bc01a4ed        0x3 00
 .rodata.str1.4
                0x00000000bc01a4f0       0x85 common/libcommon.a(main.o)
                                         0xa0 (size before relaxing)
 *fill*         0x00000000bc01a575        0x3 00
 .rodata.str1.4
                0x00000000bc01a578      0x10b common/libcommon.a(cmd_boot.o)
                                        0x118 (size before relaxing)
 *fill*         0x00000000bc01a683        0x1 00
 .rodata.str1.4
                0x00000000bc01a684      0x520 common/libcommon.a(cmd_bootm.o)
                                        0x528 (size before relaxing)
 .rodata.str1.4
                0x00000000bc01aba4      0x1bc common/libcommon.a(cmd_load.o)
                                        0x1d4 (size before relaxing)
 .rodata.str1.4
                0x00000000bc01ad60      0x129 common/libcommon.a(cmd_net.o)
                                        0x190 (size before relaxing)
 *fill*         0x00000000bc01ae89        0x3 00
 .rodata.str1.4
                0x00000000bc01ae8c      0x190 common/libcommon.a(cmd_mem.o)
                                        0x19c (size before relaxing)
 .rodata.str1.4
                0x00000000bc01b01c      0x2b1 common/libcommon.a(cmd_nvedit.o)
                                        0x324 (size before relaxing)
 *fill*         0x00000000bc01b2cd        0x3 00
 .rodata.str1.4
                0x00000000bc01b2d0      0x21b common/libcommon.a(command.o)
                                        0x250 (size before relaxing)
 *fill*         0x00000000bc01b4eb        0x1 00
 .rodata.str1.4
                0x00000000bc01b4ec       0x2f common/libcommon.a(devices.o)
                                         0x48 (size before relaxing)
 *fill*         0x00000000bc01b51b        0x1 00
 .rodata.str1.4
                0x00000000bc01b51c       0x33 common/libcommon.a(env_common.o)
                                         0x38 (size before relaxing)
 *fill*         0x00000000bc01b54f        0x1 00
 .rodata.str1.4
                0x00000000bc01b550       0xea common/libcommon.a(gpio.o)
                                         0xec (size before relaxing)
 *fill*         0x00000000bc01b63a        0x2 00
 .rodata.str1.4
                0x00000000bc01b63c       0x3c common/libcommon.a(cmd_ledctrl.o)
 .rodata.str1.4
                0x00000000bc01b678       0xff common/libcommon.a(cmd_gpio.o)
                                        0x10c (size before relaxing)
 *fill*         0x00000000bc01b777        0x1 00
 .rodata.str1.4
                0x00000000bc01b778       0x52 common/libcommon.a(env_spi.o)
                                         0x54 (size before relaxing)
 *fill*         0x00000000bc01b7ca        0x2 00
 .rodata.str1.4
                0x00000000bc01b7cc       0x17 lib_generic/libgeneric.a(display_options.o)
                                         0x20 (size before relaxing)
 *fill*         0x00000000bc01b7e3        0x1 00
 .rodata.str1.4
                0x00000000bc01b7e4       0x57 lib_generic/libgeneric.a(vsprintf.o)
                                         0x58 (size before relaxing)
 *fill*         0x00000000bc01b83b        0x1 00
 .rodata.str1.4
                0x00000000bc01b83c       0x32 board/rt2880/librt2880.a(rt2880.o)
                                         0x38 (size before relaxing)
 *fill*         0x00000000bc01b86e        0x2 00
 .rodata.str1.4
                0x00000000bc01b870      0x138 lib_mips/libmips.a(mips_linux.o)
                                        0x188 (size before relaxing)
                0x00000000bc01b9a8                . = ALIGN (0x4)

.data           0x00000000bc01b9b0      0x370
 *(.data)
 .data          0x00000000bc01b9b0       0x10 net/libnet.a(net.o)
                0x00000000bc01b9b4                NetBcastAddr
                0x00000000bc01b9b0                NetOurNativeVLAN
                0x00000000bc01b9b2                NetOurVLAN
 .data          0x00000000bc01b9c0      0x150 net/libnet.a(fw_upgrade.o)
                0x00000000bc01b9c0                image_type
                0x00000000bc01b9c4                firmware_image_type
 .data          0x00000000bc01bb10       0x10 net/libnet.a(httpd.o)
 .data          0x00000000bc01bb20       0x10 net/libnet.a(uip_arp.o)
                0x00000000bc01bb20                uip_ethaddr
 .data          0x00000000bc01bb30       0x10 drivers/libdrivers.a(rt2880_eth.o)
 .data          0x00000000bc01bb40       0x10 common/libcommon.a(cmd_bootm.o)
                0x00000000bc01bb40                load_addr
 .data          0x00000000bc01bb50       0x10 common/libcommon.a(cmd_mem.o)
                0x00000000bc01bb50                dp_last_length
 .data          0x00000000bc01bb60       0x10 common/libcommon.a(dlmalloc.o)
 .data          0x00000000bc01bb70       0x90 common/libcommon.a(env_common.o)
                0x00000000bc01bb70                default_environment
 .data          0x00000000bc01bc00       0x10 common/libcommon.a(env_spi.o)
 .data          0x00000000bc01bc10       0x10 lib_generic/libgeneric.a(crc32.o)
 .data          0x00000000bc01bc20      0x100 lib_generic/libgeneric.a(ctype.o)
                0x00000000bc01bc20                _ctype

.data.rel.ro    0x00000000bc01bd20       0x3c
 .data.rel.ro   0x00000000bc01bd20       0x3c net/libnet.a(fs.o)
                0x00000000bc01bd48                file_index_html
                0x00000000bc01bd20                file_flash_html
                0x00000000bc01bd34                file_404_html

.data.rel.ro.local
                0x00000000bc01bd5c       0x14
 .data.rel.ro.local
                0x00000000bc01bd5c       0x14 net/libnet.a(fs.o)
                0x00000000bc01bd5c                file_error_html

.data.rel.local
                0x00000000bc01bd70      0x6d4
 .data.rel.local
                0x00000000bc01bd70      0x2b8 drivers/libdrivers.a(spi_flash.o)
 .data.rel.local
                0x00000000bc01c028        0xc common/libcommon.a(devices.o)
                0x00000000bc01c028                stdio_names
 .data.rel.local
                0x00000000bc01c034      0x408 common/libcommon.a(dlmalloc.o)
 .data.rel.local
                0x00000000bc01c43c        0x4 common/libcommon.a(env_common.o)
                0x00000000bc01c43c                env_get_char
 .data.rel.local
                0x00000000bc01c440        0x4 common/libcommon.a(env_spi.o)
                0x00000000bc01c440                env_name_spec
                0x00000000bc01c444                . = ALIGN (0x4)

.sdata
 *(.sdata)
 *(.sdata)
                0x00000000bc01c450                _gp = ALIGN (0x10)

.got            0x00000000bc01c450      0x568
                0x00000000bc01c450                __got_start = .
 *(.got)
 .got           0x00000000bc01c450      0x568 cpu/ralink_soc/start.o
                0x00000000bc01c450                _GLOBAL_OFFSET_TABLE_
                0x00000000bc01c9b8                __got_end = .
                0x00000000bc01c9b8                __u_boot_cmd_start = .

.u_boot_cmd     0x00000000bc01c9b8      0x284
 *(.u_boot_cmd)
 .u_boot_cmd    0x00000000bc01c9b8       0x1c lib_mips/libmips.a(board.o)
                0x00000000bc01c9b8                __u_boot_cmd_rf
 .u_boot_cmd    0x00000000bc01c9d4       0x1c drivers/libdrivers.a(mii_mgr.o)
                0x00000000bc01c9d4                __u_boot_cmd_mdio
 .u_boot_cmd    0x00000000bc01c9f0       0x38 drivers/libdrivers.a(spi_flash.o)
                0x00000000bc01c9f0                __u_boot_cmd_erase
                0x00000000bc01ca0c                __u_boot_cmd_cp
 .u_boot_cmd    0x00000000bc01ca28       0x38 common/libcommon.a(cmd_boot.o)
                0x00000000bc01ca28                __u_boot_cmd_reset
                0x00000000bc01ca44                __u_boot_cmd_go
 .u_boot_cmd    0x00000000bc01ca60       0x1c common/libcommon.a(cmd_bootm.o)
                0x00000000bc01ca60                __u_boot_cmd_bootm
 .u_boot_cmd    0x00000000bc01ca7c       0x1c common/libcommon.a(cmd_load.o)
                0x00000000bc01ca7c                __u_boot_cmd_loadb
 .u_boot_cmd    0x00000000bc01ca98       0x38 common/libcommon.a(cmd_net.o)
                0x00000000bc01ca98                __u_boot_cmd_tftpboot
                0x00000000bc01cab4                __u_boot_cmd_httpd
 .u_boot_cmd    0x00000000bc01cad0       0x54 common/libcommon.a(cmd_mem.o)
                0x00000000bc01cb08                __u_boot_cmd_md
                0x00000000bc01caec                __u_boot_cmd_mm
                0x00000000bc01cad0                __u_boot_cmd_nm
 .u_boot_cmd    0x00000000bc01cb24       0x54 common/libcommon.a(cmd_nvedit.o)
                0x00000000bc01cb24                __u_boot_cmd_saveenv
                0x00000000bc01cb5c                __u_boot_cmd_printenv
                0x00000000bc01cb40                __u_boot_cmd_setenv
 .u_boot_cmd    0x00000000bc01cb78       0x54 common/libcommon.a(command.o)
                0x00000000bc01cb78                __u_boot_cmd_question_mark
                0x00000000bc01cbb0                __u_boot_cmd_version
                0x00000000bc01cb94                __u_boot_cmd_help
 .u_boot_cmd    0x00000000bc01cbcc       0x38 common/libcommon.a(cmd_ledctrl.o)
                0x00000000bc01cbcc                __u_boot_cmd_ledoff
                0x00000000bc01cbe8                __u_boot_cmd_ledon
 .u_boot_cmd    0x00000000bc01cc04       0x38 common/libcommon.a(cmd_gpio.o)
                0x00000000bc01cc20                __u_boot_cmd_gpio
                0x00000000bc01cc04                __u_boot_cmd_gpiotest
                0x00000000bc01cc3c                __u_boot_cmd_end = .
                0x00000000bc01cc3c                uboot_end_data = .
                0x000000000000015a                num_got_entries = ((__got_end - __got_start) >> 0x2)
                0x00000000bc01cc3c                . = ALIGN (0x4)

.sbss
 *(.sbss)

.bss            0x00000000bc01cc40    0x30edc
 *(.bss)
 .bss           0x00000000bc01cc40       0x90 lib_mips/libmips.a(board.o)
                0x00000000bc01cc40                modifies
 .bss           0x00000000bc01ccd0       0xd0 net/libnet.a(net.o)
                0x00000000bc01cd78                httpd_upload_complete
                0x00000000bc01cd48                NetOurNISDomain
                0x00000000bc01cd74                httpd_upload_data
                0x00000000bc01cce0                NetServerEther
                0x00000000bc01cd70                NetOurSubnetMask
                0x00000000bc01cce6                NetBootFileSize
                0x00000000bc01cd28                NetOurHostName
                0x00000000bc01cd6c                NetOurGatewayIP
                0x00000000bc01ccd8                NetEtherNullAddr
                0x00000000bc01ccd4                NetRestartWrap
                0x00000000bc01ccd0                NetTxPacket
                0x00000000bc01cd68                NetOurDNSIP
                0x00000000bc01cce8                NetOurRootPath
 .bss           0x00000000bc01cda0       0x40 net/libnet.a(tftp.o)
 .bss           0x00000000bc01cde0       0x10 net/libnet.a(eth.o)
 .bss           0x00000000bc01cdf0       0x10 net/libnet.a(httpd.o)
 .bss           0x00000000bc01ce00       0x20 net/libnet.a(httpd.o)
                0x00000000bc01ce00                upload_running
 .bss           0x00000000bc01ce20       0x70 net/libnet.a(uip_arp.o)
 .bss           0x00000000bc01ce90      0x600 net/libnet.a(uip.o)
 .bss           0x00000000bc01d490       0x10 net/libnet.a(fs.o)
 .bss           0x00000000bc01d4a0    0x16e40 drivers/libdrivers.a(rt2880_eth.o)
 .bss           0x00000000bc0342e0       0x10 drivers/libdrivers.a(spi_flash.o)
                0x00000000bc0342e0                spi_chip_info
 .bss           0x00000000bc0342f0      0x100 common/libcommon.a(main.o)
 .bss           0x00000000bc0343f0       0x40 common/libcommon.a(cmd_load.o)
 .bss           0x00000000bc034430       0x10 common/libcommon.a(cmd_mem.o)
 .bss           0x00000000bc034440      0x300 common/libcommon.a(command.o)
 .bss           0x00000000bc034740       0x10 common/libcommon.a(console.o)
 .bss           0x00000000bc034750       0x10 common/libcommon.a(devices.o)
                0x00000000bc03475c                devlist
                0x00000000bc034750                stdio_devices
 .bss           0x00000000bc034760       0x40 common/libcommon.a(dlmalloc.o)
 .bss           0x00000000bc0347a0      0x400 lib_generic/libgeneric.a(crc32.o)
 .bss           0x00000000bc034ba0       0x20 lib_mips/libmips.a(mips_linux.o)
 COMMON         0x00000000bc034bc0       0x24 lib_mips/libmips.a(board.o)
                0x00000000bc034bc0                gd_data
 COMMON         0x00000000bc034be4    0x17bf0 net/libnet.a(net.o)
                0x00000000bc034be4                Pkt_Buf_Pool
                0x00000000bc04c024                NetRxPackets
                0x00000000bc04c114                BootFile
                0x00000000bc04c194                NetArpWaitPacketBuf
 COMMON         0x00000000bc04c7d4      0x7d2 net/libnet.a(uip.o)
                0x00000000bc04c7d4                uip_conns
                0x00000000bc04c9b4                uip_listenports
                0x00000000bc04c9c8                uip_buf
 *fill*         0x00000000bc04cfa6        0x2 00
 COMMON         0x00000000bc04cfa8      0x100 drivers/libdrivers.a(rt2880_eth.o)
                0x00000000bc04cfa8                console_buffer
 COMMON         0x00000000bc04d0a8      0xa00 common/libcommon.a(main.o)
                0x00000000bc04d0a8                console_history
 COMMON         0x00000000bc04daa8       0x40 common/libcommon.a(cmd_bootm.o)
                0x00000000bc04daa8                header
 COMMON         0x00000000bc04dae8       0x34 common/libcommon.a(cmd_load.o)
                0x00000000bc04dae8                os_data_header
                0x00000000bc04db08                send_parms
                0x00000000bc04db1c                uboot_end = .

.scommon        0x00000000bc04db1c       0xdc
 .scommon       0x00000000bc04db1c        0xc lib_mips/libmips.a(board.o)
                0x00000000bc04db1c                monitor_flash_len
                0x00000000bc04db20                mips_bus_feq
                0x00000000bc04db24                mips_cpu_feq
 .scommon       0x00000000bc04db28       0x44 net/libnet.a(net.o)
                0x00000000bc04db28                NetArpWaitTry
                0x00000000bc04db2c                NetArpWaitPacketMAC
                0x00000000bc04db30                NetOurEther
                0x00000000bc04db38                NetOurIP
                0x00000000bc04db3c                NetServerIP
                0x00000000bc04db40                NetArpWaitTxPacketSize
                0x00000000bc04db44                NetArpWaitReplyIP
                0x00000000bc04db48                NetArpWaitTxPacket
                0x00000000bc04db4c                NetArpWaitPacketIP
                0x00000000bc04db50                NetState
                0x00000000bc04db54                NetIPID
                0x00000000bc04db58                NetRxPkt
                0x00000000bc04db5c                NetRxPktLen
                0x00000000bc04db60                NetBootFileXferSize
                0x00000000bc04db64                PktBuf
                0x00000000bc04db68                NetArpWaitTimerStart
 .scommon       0x00000000bc04db6c        0x4 net/libnet.a(tftp.o)
                0x00000000bc04db6c                TftpStarted
 .scommon       0x00000000bc04db70        0x8 net/libnet.a(httpd.o)
                0x00000000bc04db70                hs
                0x00000000bc04db74                upload_data
 .scommon       0x00000000bc04db78       0x30 net/libnet.a(uip.o)
                0x00000000bc04db78                uip_len
                0x00000000bc04db7c                uip_sappdata
                0x00000000bc04db80                uip_acc32
                0x00000000bc04db84                uip_flags
                0x00000000bc04db88                uip_appdata
                0x00000000bc04db8c                uip_conn
                0x00000000bc04db90                uip_arp_netmask
                0x00000000bc04db94                uip_surglen
                0x00000000bc04db98                uip_urgdata
                0x00000000bc04db9c                uip_hostaddr
                0x00000000bc04dba0                uip_arp_draddr
                0x00000000bc04dba4                uip_urglen
                0x00000000bc04dba6                uip_slen
 .scommon       0x00000000bc04dba8       0x18 drivers/libdrivers.a(rt2880_eth.o)
                0x00000000bc04dba8                rt2880_free_buf_list
                0x00000000bc04dbb0                PKT_HEADER_Buf
                0x00000000bc04dbb4                rt2880_pdev
                0x00000000bc04dbb8                rt2880_busing_buf_list
 .scommon       0x00000000bc04dbc0        0x4 drivers/libdrivers.a(spi_flash.o)
                0x00000000bc04dbc0                flash_size
 .scommon       0x00000000bc04dbc4       0x1c common/libcommon.a(cmd_load.o)
                0x00000000bc04dbc4                his_pad_char
                0x00000000bc04dbc8                os_data_count
                0x00000000bc04dbcc                os_data_init
                0x00000000bc04dbd0                send_ptr
                0x00000000bc04dbd4                os_data_char
                0x00000000bc04dbd8                his_eol
                0x00000000bc04dbd9                his_quote
                0x00000000bc04dbdc                his_pad_count
 .scommon       0x00000000bc04dbe0       0x10 common/libcommon.a(cmd_mem.o)
                0x00000000bc04dbe0                dp_last_size
                0x00000000bc04dbe4                dp_last_addr
                0x00000000bc04dbe8                mm_last_size
                0x00000000bc04dbec                mm_last_addr
 .scommon       0x00000000bc04dbf0        0x4 common/libcommon.a(env_spi.o)
                0x00000000bc04dbf0                env_ptr
 .scommon       0x00000000bc04dbf4        0x4 lib_generic/libgeneric.a(string.o)
                0x00000000bc04dbf4                ___strtok

.rel.dyn        0x00000000bc04dbf8        0x0
Address of section .text set to 0xbc000000
LOAD cpu/ralink_soc/start.o
START GROUP
LOAD lib_generic/libgeneric.a
LOAD board/rt2880/librt2880.a
LOAD cpu/ralink_soc/libralink_soc.a
LOAD lib_mips/libmips.a
LOAD net/libnet.a
LOAD drivers/libdrivers.a
LOAD common/libcommon.a
END GROUP
OUTPUT(u-boot elf32-tradlittlemips)

.pdr            0x0000000000000000     0x26a0
 .pdr           0x0000000000000000       0x40 cpu/ralink_soc/start.o
 .pdr           0x0000000000000040      0x1a0 lib_mips/libmips.a(board.o)
 .pdr           0x00000000000001e0      0x120 lib_mips/libmips.a(time.o)
 .pdr           0x0000000000000300      0x360 net/libnet.a(net.o)
 .pdr           0x0000000000000660       0x80 net/libnet.a(tftp.o)
 .pdr           0x00000000000006e0      0x1a0 net/libnet.a(eth.o)
 .pdr           0x0000000000000880       0x40 net/libnet.a(httpd.o)
 .pdr           0x00000000000008c0       0x40 net/libnet.a(fw_upgrade.o)
 .pdr           0x0000000000000900       0x80 net/libnet.a(httpd.o)
 .pdr           0x0000000000000980       0xc0 net/libnet.a(uip_arp.o)
 .pdr           0x0000000000000a40       0xc0 net/libnet.a(uip.o)
 .pdr           0x0000000000000b00       0x80 net/libnet.a(fs.o)
 .pdr           0x0000000000000b80       0x80 net/libnet.a(uip_arch.o)
 .pdr           0x0000000000000c00      0x200 drivers/libdrivers.a(rt2880_eth.o)
 .pdr           0x0000000000000e00      0x120 drivers/libdrivers.a(mii_mgr.o)
 .pdr           0x0000000000000f20      0x1e0 drivers/libdrivers.a(spi_flash.o)
 .pdr           0x0000000000001100       0x40 common/libcommon.a(main.o)
 .pdr           0x0000000000001140       0x20 common/libcommon.a(cmd_boot.o)
 .pdr           0x0000000000001160       0x40 common/libcommon.a(cmd_bootm.o)
 .pdr           0x00000000000011a0      0x1c0 common/libcommon.a(cmd_load.o)
 .pdr           0x0000000000001360       0x40 common/libcommon.a(cmd_net.o)
 .pdr           0x00000000000013a0       0xe0 common/libcommon.a(cmd_mem.o)
 .pdr           0x0000000000001480       0xe0 common/libcommon.a(cmd_nvedit.o)
 .pdr           0x0000000000001560       0xe0 common/libcommon.a(command.o)
 .pdr           0x0000000000001640      0x2a0 common/libcommon.a(console.o)
 .pdr           0x00000000000018e0       0x60 common/libcommon.a(devices.o)
 .pdr           0x0000000000001940      0x200 common/libcommon.a(dlmalloc.o)
 .pdr           0x0000000000001b40       0xc0 common/libcommon.a(env_common.o)
 .pdr           0x0000000000001c00       0x60 common/libcommon.a(exports.o)
 .pdr           0x0000000000001c60      0x140 common/libcommon.a(lists.o)
 .pdr           0x0000000000001da0      0x160 common/libcommon.a(gpio.o)
 .pdr           0x0000000000001f00       0x40 common/libcommon.a(cmd_ledctrl.o)
 .pdr           0x0000000000001f40       0x40 common/libcommon.a(cmd_gpio.o)
 .pdr           0x0000000000001f80       0xa0 common/libcommon.a(env_spi.o)
 .pdr           0x0000000000002020       0x20 lib_generic/libgeneric.a(crc32.o)
 .pdr           0x0000000000002040       0x40 lib_generic/libgeneric.a(display_options.o)
 .pdr           0x0000000000002080      0x260 lib_generic/libgeneric.a(string.o)
 .pdr           0x00000000000022e0       0xc0 lib_generic/libgeneric.a(vsprintf.o)
 .pdr           0x00000000000023a0      0x160 lib_generic/libgeneric.a(LzmaDecode.o)
 .pdr           0x0000000000002500       0x60 board/rt2880/librt2880.a(rt2880.o)
 .pdr           0x0000000000002560       0xc0 board/rt2880/librt2880.a(serial.o)
 .pdr           0x0000000000002620       0x40 cpu/ralink_soc/libralink_soc.a(cpu.o)
 .pdr           0x0000000000002660       0x40 lib_mips/libmips.a(mips_linux.o)

.stab           0x0000000000000000     0x19ec
 .stab          0x0000000000000000     0x19ec cpu/ralink_soc/start.o

.stabstr        0x0000000000000000       0x6c
 .stabstr       0x0000000000000000       0x6c cpu/ralink_soc/start.o

.mdebug.abi32   0x0000000000000000        0x0

.debug_abbrev   0x0000000000000000      0x303
 .debug_abbrev  0x0000000000000000      0x303 lib_mips/libmips.a(board.o)

.debug_info     0x0000000000000000      0xd53
 .debug_info    0x0000000000000000      0xd53 lib_mips/libmips.a(board.o)

.debug_line     0x0000000000000000      0x4f0
 .debug_line    0x0000000000000000      0x4f0 lib_mips/libmips.a(board.o)

.debug_frame    0x0000000000000000     0x2320
 .debug_frame   0x0000000000000000      0x178 lib_mips/libmips.a(board.o)
 .debug_frame   0x0000000000000178       0xcc lib_mips/libmips.a(time.o)
 .debug_frame   0x0000000000000244      0x2e8 net/libnet.a(net.o)
 .debug_frame   0x000000000000052c       0x90 net/libnet.a(tftp.o)
 .debug_frame   0x00000000000005bc      0x170 net/libnet.a(eth.o)
 .debug_frame   0x000000000000072c       0x48 net/libnet.a(httpd.o)
 .debug_frame   0x0000000000000774       0x5c net/libnet.a(fw_upgrade.o)
 .debug_frame   0x00000000000007d0       0x8c net/libnet.a(httpd.o)
 .debug_frame   0x000000000000085c       0xcc net/libnet.a(uip_arp.o)
 .debug_frame   0x0000000000000928       0xa0 net/libnet.a(uip.o)
 .debug_frame   0x00000000000009c8       0x74 net/libnet.a(fs.o)
 .debug_frame   0x0000000000000a3c       0x68 net/libnet.a(uip_arch.o)
 .debug_frame   0x0000000000000aa4      0x218 drivers/libdrivers.a(rt2880_eth.o)
 .debug_frame   0x0000000000000cbc      0x10c drivers/libdrivers.a(mii_mgr.o)
 .debug_frame   0x0000000000000dc8      0x218 drivers/libdrivers.a(spi_flash.o)
 .debug_frame   0x0000000000000fe0       0x60 common/libcommon.a(main.o)
 .debug_frame   0x0000000000001040       0x30 common/libcommon.a(cmd_boot.o)
 .debug_frame   0x0000000000001070       0x64 common/libcommon.a(cmd_bootm.o)
 .debug_frame   0x00000000000010d4      0x174 common/libcommon.a(cmd_load.o)
 .debug_frame   0x0000000000001248       0x48 common/libcommon.a(cmd_net.o)
 .debug_frame   0x0000000000001290       0xf8 common/libcommon.a(cmd_mem.o)
 .debug_frame   0x0000000000001388      0x104 common/libcommon.a(cmd_nvedit.o)
 .debug_frame   0x000000000000148c      0x100 common/libcommon.a(command.o)
 .debug_frame   0x000000000000158c      0x1cc common/libcommon.a(console.o)
 .debug_frame   0x0000000000001758       0x58 common/libcommon.a(devices.o)
 .debug_frame   0x00000000000017b0      0x194 common/libcommon.a(dlmalloc.o)
 .debug_frame   0x0000000000001944       0xb4 common/libcommon.a(env_common.o)
 .debug_frame   0x00000000000019f8       0x48 common/libcommon.a(exports.o)
 .debug_frame   0x0000000000001a40      0x104 common/libcommon.a(lists.o)
 .debug_frame   0x0000000000001b44      0x104 common/libcommon.a(gpio.o)
 .debug_frame   0x0000000000001c48       0x40 common/libcommon.a(cmd_ledctrl.o)
 .debug_frame   0x0000000000001c88       0x4c common/libcommon.a(cmd_gpio.o)
 .debug_frame   0x0000000000001cd4       0x88 common/libcommon.a(env_spi.o)
 .debug_frame   0x0000000000001d5c       0x20 lib_generic/libgeneric.a(crc32.o)
 .debug_frame   0x0000000000001d7c       0x48 lib_generic/libgeneric.a(display_options.o)
 .debug_frame   0x0000000000001dc4      0x190 lib_generic/libgeneric.a(string.o)
 .debug_frame   0x0000000000001f54       0xa0 lib_generic/libgeneric.a(vsprintf.o)
 .debug_frame   0x0000000000001ff4      0x1ac lib_generic/libgeneric.a(LzmaDecode.o)
 .debug_frame   0x00000000000021a0       0x64 board/rt2880/librt2880.a(rt2880.o)
 .debug_frame   0x0000000000002204       0x84 board/rt2880/librt2880.a(serial.o)
 .debug_frame   0x0000000000002288       0x30 cpu/ralink_soc/libralink_soc.a(cpu.o)
 .debug_frame   0x00000000000022b8       0x68 lib_mips/libmips.a(mips_linux.o)

.debug_pubnames
                0x0000000000000000     0x1d2a
 .debug_pubnames
                0x0000000000000000      0x15f lib_mips/libmips.a(board.o)
 .debug_pubnames
                0x000000000000015f       0x74 lib_mips/libmips.a(time.o)
 .debug_pubnames
                0x00000000000001d3      0x461 net/libnet.a(net.o)
 .debug_pubnames
                0x0000000000000634       0x3d net/libnet.a(tftp.o)
 .debug_pubnames
                0x0000000000000671       0xf3 net/libnet.a(eth.o)
 .debug_pubnames
                0x0000000000000764       0x32 net/libnet.a(httpd.o)
 .debug_pubnames
                0x0000000000000796       0x64 net/libnet.a(fw_upgrade.o)
 .debug_pubnames
                0x00000000000007fa       0x86 net/libnet.a(httpd.o)
 .debug_pubnames
                0x0000000000000880       0x78 net/libnet.a(uip_arp.o)
 .debug_pubnames
                0x00000000000008f8      0x157 net/libnet.a(uip.o)
 .debug_pubnames
                0x0000000000000a4f       0x85 net/libnet.a(fs.o)
 .debug_pubnames
                0x0000000000000ad4       0x52 net/libnet.a(uip_arch.o)
 .debug_pubnames
                0x0000000000000b26      0x150 drivers/libdrivers.a(rt2880_eth.o)
 .debug_pubnames
                0x0000000000000c76       0xcb drivers/libdrivers.a(mii_mgr.o)
 .debug_pubnames
                0x0000000000000d41       0xeb drivers/libdrivers.a(spi_flash.o)
 .debug_pubnames
                0x0000000000000e2c       0x44 common/libcommon.a(main.o)
 .debug_pubnames
                0x0000000000000e70       0x47 common/libcommon.a(cmd_boot.o)
 .debug_pubnames
                0x0000000000000eb7       0x63 common/libcommon.a(cmd_bootm.o)
 .debug_pubnames
                0x0000000000000f1a      0x188 common/libcommon.a(cmd_load.o)
 .debug_pubnames
                0x00000000000010a2       0x5d common/libcommon.a(cmd_net.o)
 .debug_pubnames
                0x00000000000010ff      0x105 common/libcommon.a(cmd_mem.o)
 .debug_pubnames
                0x0000000000001204       0xaf common/libcommon.a(cmd_nvedit.o)
 .debug_pubnames
                0x00000000000012b3       0xc9 common/libcommon.a(command.o)
 .debug_pubnames
                0x000000000000137c      0x10e common/libcommon.a(console.o)
 .debug_pubnames
                0x000000000000148a       0x76 common/libcommon.a(devices.o)
 .debug_pubnames
                0x0000000000001500       0xb3 common/libcommon.a(dlmalloc.o)
 .debug_pubnames
                0x00000000000015b3       0x99 common/libcommon.a(env_common.o)
 .debug_pubnames
                0x000000000000164c       0x35 common/libcommon.a(exports.o)
 .debug_pubnames
                0x0000000000001681       0xc2 common/libcommon.a(lists.o)
 .debug_pubnames
                0x0000000000001743       0xbb common/libcommon.a(gpio.o)
 .debug_pubnames
                0x00000000000017fe       0x5c common/libcommon.a(cmd_ledctrl.o)
 .debug_pubnames
                0x000000000000185a       0x5f common/libcommon.a(cmd_gpio.o)
 .debug_pubnames
                0x00000000000018b9       0x86 common/libcommon.a(env_spi.o)
 .debug_pubnames
                0x000000000000193f       0x1c lib_generic/libgeneric.a(crc32.o)
 .debug_pubnames
                0x000000000000195b       0x35 lib_generic/libgeneric.a(display_options.o)
 .debug_pubnames
                0x0000000000001990       0xf9 lib_generic/libgeneric.a(string.o)
 .debug_pubnames
                0x0000000000001a89       0x50 lib_generic/libgeneric.a(vsprintf.o)
 .debug_pubnames
                0x0000000000001ad9      0x12d lib_generic/libgeneric.a(LzmaDecode.o)
 .debug_pubnames
                0x0000000000001c06       0x1d lib_generic/libgeneric.a(ctype.o)
 .debug_pubnames
                0x0000000000001c23       0x3f board/rt2880/librt2880.a(rt2880.o)
 .debug_pubnames
                0x0000000000001c62       0x74 board/rt2880/librt2880.a(serial.o)
 .debug_pubnames
                0x0000000000001cd6       0x2f cpu/ralink_soc/libralink_soc.a(cpu.o)
 .debug_pubnames
                0x0000000000001d05       0x25 lib_mips/libmips.a(mips_linux.o)

.debug_aranges  0x0000000000000000       0x20
 .debug_aranges
                0x0000000000000000       0x20 lib_mips/libmips.a(board.o)

.debug_ranges   0x0000000000000000      0x730
 .debug_ranges  0x0000000000000000       0x30 lib_mips/libmips.a(board.o)
 .debug_ranges  0x0000000000000030       0xb8 net/libnet.a(net.o)
 .debug_ranges  0x00000000000000e8       0x18 net/libnet.a(tftp.o)
 .debug_ranges  0x0000000000000100       0x80 net/libnet.a(eth.o)
 .debug_ranges  0x0000000000000180       0x60 net/libnet.a(httpd.o)
 .debug_ranges  0x00000000000001e0       0x20 drivers/libdrivers.a(rt2880_eth.o)
 .debug_ranges  0x0000000000000200      0x170 drivers/libdrivers.a(spi_flash.o)
 .debug_ranges  0x0000000000000370       0x30 common/libcommon.a(main.o)
 .debug_ranges  0x00000000000003a0       0x18 common/libcommon.a(cmd_bootm.o)
 .debug_ranges  0x00000000000003b8       0x28 common/libcommon.a(cmd_load.o)
 .debug_ranges  0x00000000000003e0       0x18 common/libcommon.a(cmd_net.o)
 .debug_ranges  0x00000000000003f8       0x18 common/libcommon.a(cmd_mem.o)
 .debug_ranges  0x0000000000000410      0x108 common/libcommon.a(cmd_nvedit.o)
 .debug_ranges  0x0000000000000518       0x98 common/libcommon.a(command.o)
 .debug_ranges  0x00000000000005b0       0x38 common/libcommon.a(console.o)
 .debug_ranges  0x00000000000005e8       0x50 common/libcommon.a(dlmalloc.o)
 .debug_ranges  0x0000000000000638       0x18 common/libcommon.a(cmd_gpio.o)
 .debug_ranges  0x0000000000000650       0x20 lib_generic/libgeneric.a(vsprintf.o)
 .debug_ranges  0x0000000000000670       0x78 lib_generic/libgeneric.a(LzmaDecode.o)
 .debug_ranges  0x00000000000006e8       0x48 lib_mips/libmips.a(mips_linux.o)

.debug_str      0x0000000000000000     0x3378
 .debug_str     0x0000000000000000      0x536 lib_mips/libmips.a(board.o)
                                        0x5e6 (size before relaxing)
 .debug_str     0x0000000000000536       0x77 lib_mips/libmips.a(time.o)
                                        0x15e (size before relaxing)
 .debug_str     0x00000000000005ad      0x70d net/libnet.a(net.o)
                                        0x94f (size before relaxing)
 .debug_str     0x0000000000000cba       0xe3 net/libnet.a(tftp.o)
                                        0x297 (size before relaxing)
 .debug_str     0x0000000000000d9d      0x11c net/libnet.a(eth.o)
                                        0x2fb (size before relaxing)
 .debug_str     0x0000000000000eb9       0x77 net/libnet.a(httpd.o)
                                        0x15b (size before relaxing)
 .debug_str     0x0000000000000f30       0xf2 net/libnet.a(fw_upgrade.o)
                                        0x202 (size before relaxing)
 .debug_str     0x0000000000001022      0x13c net/libnet.a(httpd.o)
                                        0x30a (size before relaxing)
 .debug_str     0x000000000000115e       0x8d net/libnet.a(uip_arp.o)
                                        0x1cd (size before relaxing)
 .debug_str     0x00000000000011eb      0x1c6 net/libnet.a(uip.o)
                                        0x38f (size before relaxing)
 .debug_str     0x00000000000013b1       0x8c net/libnet.a(fs.o)
                                        0x1c3 (size before relaxing)
 .debug_str     0x000000000000143d       0x58 net/libnet.a(uip_arch.o)
                                        0x14c (size before relaxing)
 .debug_str     0x0000000000001495      0x4df drivers/libdrivers.a(rt2880_eth.o)
                                        0x743 (size before relaxing)
 .debug_str     0x0000000000001974       0xea drivers/libdrivers.a(mii_mgr.o)
                                        0x23a (size before relaxing)
 .debug_str     0x0000000000001a5e      0x28a drivers/libdrivers.a(spi_flash.o)
                                        0x451 (size before relaxing)
 .debug_str     0x0000000000001ce8      0x120 common/libcommon.a(main.o)
                                        0x24f (size before relaxing)
 .debug_str     0x0000000000001e08       0x34 common/libcommon.a(cmd_boot.o)
                                        0x151 (size before relaxing)
 .debug_str     0x0000000000001e3c       0x70 common/libcommon.a(cmd_bootm.o)
                                        0x268 (size before relaxing)
 .debug_str     0x0000000000001eac      0x24b common/libcommon.a(cmd_load.o)
                                        0x4b8 (size before relaxing)
 .debug_str     0x00000000000020f7       0x72 common/libcommon.a(cmd_net.o)
                                        0x241 (size before relaxing)
 .debug_str     0x0000000000002169      0x127 common/libcommon.a(cmd_mem.o)
                                        0x265 (size before relaxing)
 .debug_str     0x0000000000002290       0xbb common/libcommon.a(cmd_nvedit.o)
                                        0x348 (size before relaxing)
 .debug_str     0x000000000000234b      0x159 common/libcommon.a(command.o)
                                        0x31b (size before relaxing)
 .debug_str     0x00000000000024a4      0x18f common/libcommon.a(console.o)
                                        0x3a5 (size before relaxing)
 .debug_str     0x0000000000002633       0x56 common/libcommon.a(devices.o)
                                        0x2cc (size before relaxing)
 .debug_str     0x0000000000002689      0x2eb common/libcommon.a(dlmalloc.o)
                                        0x502 (size before relaxing)
 .debug_str     0x0000000000002974       0xb0 common/libcommon.a(env_common.o)
                                        0x277 (size before relaxing)
 .debug_str     0x0000000000002a24       0x2b common/libcommon.a(exports.o)
                                        0x1c4 (size before relaxing)
 .debug_str     0x0000000000002a4f      0x150 common/libcommon.a(lists.o)
                                        0x27f (size before relaxing)
 .debug_str     0x0000000000002b9f       0x92 common/libcommon.a(gpio.o)
                                        0x177 (size before relaxing)
 .debug_str     0x0000000000002c31       0x48 common/libcommon.a(cmd_ledctrl.o)
                                        0x154 (size before relaxing)
 .debug_str     0x0000000000002c79       0x48 common/libcommon.a(cmd_gpio.o)
                                        0x197 (size before relaxing)
 .debug_str     0x0000000000002cc1       0x6e common/libcommon.a(env_spi.o)
                                        0x273 (size before relaxing)
 .debug_str     0x0000000000002d2f       0x6e lib_generic/libgeneric.a(crc32.o)
                                        0x115 (size before relaxing)
 .debug_str     0x0000000000002d9d       0x2d lib_generic/libgeneric.a(display_options.o)
                                        0x103 (size before relaxing)
 .debug_str     0x0000000000002dca       0xb1 lib_generic/libgeneric.a(string.o)
                                        0x1be (size before relaxing)
 .debug_str     0x0000000000002e7b       0x70 lib_generic/libgeneric.a(vsprintf.o)
                                        0x189 (size before relaxing)
 .debug_str     0x0000000000002eeb      0x290 lib_generic/libgeneric.a(LzmaDecode.o)
                                        0x37d (size before relaxing)
 .debug_str     0x000000000000317b        0x8 lib_generic/libgeneric.a(ctype.o)
                                         0x5d (size before relaxing)
 .debug_str     0x0000000000003183       0x80 board/rt2880/librt2880.a(rt2880.o)
                                        0x171 (size before relaxing)
 .debug_str     0x0000000000003203       0x61 board/rt2880/librt2880.a(serial.o)
                                        0x11e (size before relaxing)
 .debug_str     0x0000000000003264       0x4d cpu/ralink_soc/libralink_soc.a(cpu.o)
                                        0x145 (size before relaxing)
 .debug_str     0x00000000000032b1       0xc7 lib_mips/libmips.a(mips_linux.o)
                                        0x3bc (size before relaxing)

.comment        0x0000000000000000      0x306
 .comment       0x0000000000000000       0x12 lib_mips/libmips.a(board.o)
 .comment       0x0000000000000012       0x12 lib_mips/libmips.a(time.o)
 .comment       0x0000000000000024       0x12 net/libnet.a(net.o)
 .comment       0x0000000000000036       0x12 net/libnet.a(tftp.o)
 .comment       0x0000000000000048       0x12 net/libnet.a(eth.o)
 .comment       0x000000000000005a       0x12 net/libnet.a(httpd.o)
 .comment       0x000000000000006c       0x12 net/libnet.a(fw_upgrade.o)
 .comment       0x000000000000007e       0x12 net/libnet.a(httpd.o)
 .comment       0x0000000000000090       0x12 net/libnet.a(uip_arp.o)
 .comment       0x00000000000000a2       0x12 net/libnet.a(uip.o)
 .comment       0x00000000000000b4       0x12 net/libnet.a(fs.o)
 .comment       0x00000000000000c6       0x12 net/libnet.a(uip_arch.o)
 .comment       0x00000000000000d8       0x12 drivers/libdrivers.a(rt2880_eth.o)
 .comment       0x00000000000000ea       0x12 drivers/libdrivers.a(mii_mgr.o)
 .comment       0x00000000000000fc       0x12 drivers/libdrivers.a(spi_flash.o)
 .comment       0x000000000000010e       0x12 common/libcommon.a(main.o)
 .comment       0x0000000000000120       0x12 common/libcommon.a(cmd_boot.o)
 .comment       0x0000000000000132       0x12 common/libcommon.a(cmd_bootm.o)
 .comment       0x0000000000000144       0x12 common/libcommon.a(cmd_load.o)
 .comment       0x0000000000000156       0x12 common/libcommon.a(cmd_net.o)
 .comment       0x0000000000000168       0x12 common/libcommon.a(cmd_mem.o)
 .comment       0x000000000000017a       0x12 common/libcommon.a(cmd_nvedit.o)
 .comment       0x000000000000018c       0x12 common/libcommon.a(command.o)
 .comment       0x000000000000019e       0x12 common/libcommon.a(console.o)
 .comment       0x00000000000001b0       0x12 common/libcommon.a(devices.o)
 .comment       0x00000000000001c2       0x12 common/libcommon.a(dlmalloc.o)
 .comment       0x00000000000001d4       0x12 common/libcommon.a(env_common.o)
 .comment       0x00000000000001e6       0x12 common/libcommon.a(exports.o)
 .comment       0x00000000000001f8       0x12 common/libcommon.a(lists.o)
 .comment       0x000000000000020a       0x12 common/libcommon.a(gpio.o)
 .comment       0x000000000000021c       0x12 common/libcommon.a(cmd_ledctrl.o)
 .comment       0x000000000000022e       0x12 common/libcommon.a(cmd_gpio.o)
 .comment       0x0000000000000240       0x12 common/libcommon.a(env_spi.o)
 .comment       0x0000000000000252       0x12 lib_generic/libgeneric.a(crc32.o)
 .comment       0x0000000000000264       0x12 lib_generic/libgeneric.a(display_options.o)
 .comment       0x0000000000000276       0x12 lib_generic/libgeneric.a(string.o)
 .comment       0x0000000000000288       0x12 lib_generic/libgeneric.a(vsprintf.o)
 .comment       0x000000000000029a       0x12 lib_generic/libgeneric.a(LzmaDecode.o)
 .comment       0x00000000000002ac       0x12 lib_generic/libgeneric.a(ctype.o)
 .comment       0x00000000000002be       0x12 board/rt2880/librt2880.a(rt2880.o)
 .comment       0x00000000000002d0       0x12 board/rt2880/librt2880.a(serial.o)
 .comment       0x00000000000002e2       0x12 cpu/ralink_soc/libralink_soc.a(cpu.o)
 .comment       0x00000000000002f4       0x12 lib_mips/libmips.a(mips_linux.o)

.debug_abbrev.1
                0x0000000000000000      0x15d
 .debug_abbrev  0x0000000000000000      0x15d lib_mips/libmips.a(time.o)

.debug_info.2   0x0000000000000000      0x21f
 .debug_info    0x0000000000000000      0x21f lib_mips/libmips.a(time.o)

.debug_line.3   0x0000000000000000       0xc5
 .debug_line    0x0000000000000000       0xc5 lib_mips/libmips.a(time.o)

.debug_aranges.4
                0x0000000000000000       0x20
 .debug_aranges
                0x0000000000000000       0x20 lib_mips/libmips.a(time.o)

.debug_abbrev.5
                0x0000000000000000      0x34a
 .debug_abbrev  0x0000000000000000      0x34a net/libnet.a(net.o)

.debug_info.6   0x0000000000000000     0x195a
 .debug_info    0x0000000000000000     0x195a net/libnet.a(net.o)

.debug_line.7   0x0000000000000000      0x7e0
 .debug_line    0x0000000000000000      0x7e0 net/libnet.a(net.o)

.debug_aranges.8
                0x0000000000000000       0x20
 .debug_aranges
                0x0000000000000000       0x20 net/libnet.a(net.o)

.debug_abbrev.9
                0x0000000000000000      0x200
 .debug_abbrev  0x0000000000000000      0x200 net/libnet.a(tftp.o)

.debug_info.10  0x0000000000000000      0x57a
 .debug_info    0x0000000000000000      0x57a net/libnet.a(tftp.o)

.debug_line.11  0x0000000000000000      0x2e0
 .debug_line    0x0000000000000000      0x2e0 net/libnet.a(tftp.o)

.debug_aranges.12
                0x0000000000000000       0x20
 .debug_aranges
                0x0000000000000000       0x20 net/libnet.a(tftp.o)

.debug_abbrev.13
                0x0000000000000000      0x269
 .debug_abbrev  0x0000000000000000      0x269 net/libnet.a(eth.o)

.debug_info.14  0x0000000000000000      0x724
 .debug_info    0x0000000000000000      0x724 net/libnet.a(eth.o)

.debug_line.15  0x0000000000000000      0x1fd
 .debug_line    0x0000000000000000      0x1fd net/libnet.a(eth.o)

.debug_aranges.16
                0x0000000000000000       0x20
 .debug_aranges
                0x0000000000000000       0x20 net/libnet.a(eth.o)

.debug_abbrev.17
                0x0000000000000000      0x101
 .debug_abbrev  0x0000000000000000      0x101 net/libnet.a(httpd.o)

.debug_info.18  0x0000000000000000      0x254
 .debug_info    0x0000000000000000      0x254 net/libnet.a(httpd.o)

.debug_line.19  0x0000000000000000       0x9c
 .debug_line    0x0000000000000000       0x9c net/libnet.a(httpd.o)

.debug_aranges.20
                0x0000000000000000       0x20
 .debug_aranges
                0x0000000000000000       0x20 net/libnet.a(httpd.o)

.debug_abbrev.21
                0x0000000000000000      0x146
 .debug_abbrev  0x0000000000000000      0x146 net/libnet.a(fw_upgrade.o)

.debug_info.22  0x0000000000000000      0x365
 .debug_info    0x0000000000000000      0x365 net/libnet.a(fw_upgrade.o)

.debug_line.23  0x0000000000000000      0x1a3
 .debug_line    0x0000000000000000      0x1a3 net/libnet.a(fw_upgrade.o)

.debug_aranges.24
                0x0000000000000000       0x20
 .debug_aranges
                0x0000000000000000       0x20 net/libnet.a(fw_upgrade.o)

.debug_abbrev.25
                0x0000000000000000      0x23e
 .debug_abbrev  0x0000000000000000      0x23e net/libnet.a(httpd.o)

.debug_info.26  0x0000000000000000      0x642
 .debug_info    0x0000000000000000      0x642 net/libnet.a(httpd.o)

.debug_line.27  0x0000000000000000      0x20e
 .debug_line    0x0000000000000000      0x20e net/libnet.a(httpd.o)

.debug_aranges.28
                0x0000000000000000       0x20
 .debug_aranges
                0x0000000000000000       0x20 net/libnet.a(httpd.o)

.debug_abbrev.29
                0x0000000000000000      0x169
 .debug_abbrev  0x0000000000000000      0x169 net/libnet.a(uip_arp.o)

.debug_info.30  0x0000000000000000      0x309
 .debug_info    0x0000000000000000      0x309 net/libnet.a(uip_arp.o)

.debug_line.31  0x0000000000000000      0x181
 .debug_line    0x0000000000000000      0x181 net/libnet.a(uip_arp.o)

.debug_aranges.32
                0x0000000000000000       0x20
 .debug_aranges
                0x0000000000000000       0x20 net/libnet.a(uip_arp.o)

.debug_abbrev.33
                0x0000000000000000      0x23c
 .debug_abbrev  0x0000000000000000      0x23c net/libnet.a(uip.o)

.debug_info.34  0x0000000000000000      0x733
 .debug_info    0x0000000000000000      0x733 net/libnet.a(uip.o)

.debug_line.35  0x0000000000000000      0x4c3
 .debug_line    0x0000000000000000      0x4c3 net/libnet.a(uip.o)

.debug_aranges.36
                0x0000000000000000       0x20
 .debug_aranges
                0x0000000000000000       0x20 net/libnet.a(uip.o)

.debug_abbrev.37
                0x0000000000000000      0x144
 .debug_abbrev  0x0000000000000000      0x144 net/libnet.a(fs.o)

.debug_info.38  0x0000000000000000      0x40b
 .debug_info    0x0000000000000000      0x40b net/libnet.a(fs.o)

.debug_line.39  0x0000000000000000       0xe3
 .debug_line    0x0000000000000000       0xe3 net/libnet.a(fs.o)

.debug_aranges.40
                0x0000000000000000       0x20
 .debug_aranges
                0x0000000000000000       0x20 net/libnet.a(fs.o)

.debug_abbrev.41
                0x0000000000000000      0x152
 .debug_abbrev  0x0000000000000000      0x152 net/libnet.a(uip_arch.o)

.debug_info.42  0x0000000000000000      0x21a
 .debug_info    0x0000000000000000      0x21a net/libnet.a(uip_arch.o)

.debug_line.43  0x0000000000000000      0x155
 .debug_line    0x0000000000000000      0x155 net/libnet.a(uip_arch.o)

.debug_aranges.44
                0x0000000000000000       0x20
 .debug_aranges
                0x0000000000000000       0x20 net/libnet.a(uip_arch.o)

.debug_abbrev.45
                0x0000000000000000      0x2a2
 .debug_abbrev  0x0000000000000000      0x2a2 drivers/libdrivers.a(rt2880_eth.o)

.debug_info.46  0x0000000000000000      0xf4e
 .debug_info    0x0000000000000000      0xf4e drivers/libdrivers.a(rt2880_eth.o)

.debug_line.47  0x0000000000000000      0x483
 .debug_line    0x0000000000000000      0x483 drivers/libdrivers.a(rt2880_eth.o)

.debug_aranges.48
                0x0000000000000000       0x20
 .debug_aranges
                0x0000000000000000       0x20 drivers/libdrivers.a(rt2880_eth.o)

.debug_abbrev.49
                0x0000000000000000      0x19c
 .debug_abbrev  0x0000000000000000      0x19c drivers/libdrivers.a(mii_mgr.o)

.debug_info.50  0x0000000000000000      0x4c1
 .debug_info    0x0000000000000000      0x4c1 drivers/libdrivers.a(mii_mgr.o)

.debug_line.51  0x0000000000000000      0x203
 .debug_line    0x0000000000000000      0x203 drivers/libdrivers.a(mii_mgr.o)

.debug_aranges.52
                0x0000000000000000       0x20
 .debug_aranges
                0x0000000000000000       0x20 drivers/libdrivers.a(mii_mgr.o)

.debug_abbrev.53
                0x0000000000000000      0x2cd
 .debug_abbrev  0x0000000000000000      0x2cd drivers/libdrivers.a(spi_flash.o)

.debug_info.54  0x0000000000000000     0x1018
 .debug_info    0x0000000000000000     0x1018 drivers/libdrivers.a(spi_flash.o)

.debug_line.55  0x0000000000000000      0x4fd
 .debug_line    0x0000000000000000      0x4fd drivers/libdrivers.a(spi_flash.o)

.debug_aranges.56
                0x0000000000000000       0x20
 .debug_aranges
                0x0000000000000000       0x20 drivers/libdrivers.a(spi_flash.o)

.debug_abbrev.57
                0x0000000000000000      0x213
 .debug_abbrev  0x0000000000000000      0x213 common/libcommon.a(main.o)

.debug_info.58  0x0000000000000000      0x543
 .debug_info    0x0000000000000000      0x543 common/libcommon.a(main.o)

.debug_line.59  0x0000000000000000      0x197
 .debug_line    0x0000000000000000      0x197 common/libcommon.a(main.o)

.debug_aranges.60
                0x0000000000000000       0x20
 .debug_aranges
                0x0000000000000000       0x20 common/libcommon.a(main.o)

.debug_abbrev.61
                0x0000000000000000       0xd9
 .debug_abbrev  0x0000000000000000       0xd9 common/libcommon.a(cmd_boot.o)

.debug_info.62  0x0000000000000000      0x204
 .debug_info    0x0000000000000000      0x204 common/libcommon.a(cmd_boot.o)

.debug_line.63  0x0000000000000000       0xc0
 .debug_line    0x0000000000000000       0xc0 common/libcommon.a(cmd_boot.o)

.debug_aranges.64
                0x0000000000000000       0x20
 .debug_aranges
                0x0000000000000000       0x20 common/libcommon.a(cmd_boot.o)

.debug_abbrev.65
                0x0000000000000000      0x203
 .debug_abbrev  0x0000000000000000      0x203 common/libcommon.a(cmd_bootm.o)

.debug_info.66  0x0000000000000000      0x64c
 .debug_info    0x0000000000000000      0x64c common/libcommon.a(cmd_bootm.o)

.debug_line.67  0x0000000000000000      0x2ac
 .debug_line    0x0000000000000000      0x2ac common/libcommon.a(cmd_bootm.o)

.debug_aranges.68
                0x0000000000000000       0x20
 .debug_aranges
                0x0000000000000000       0x20 common/libcommon.a(cmd_bootm.o)

.debug_abbrev.69
                0x0000000000000000      0x241
 .debug_abbrev  0x0000000000000000      0x241 common/libcommon.a(cmd_load.o)

.debug_info.70  0x0000000000000000      0x9b6
 .debug_info    0x0000000000000000      0x9b6 common/libcommon.a(cmd_load.o)

.debug_line.71  0x0000000000000000      0x2cc
 .debug_line    0x0000000000000000      0x2cc common/libcommon.a(cmd_load.o)

.debug_aranges.72
                0x0000000000000000       0x20
 .debug_aranges
                0x0000000000000000       0x20 common/libcommon.a(cmd_load.o)

.debug_abbrev.73
                0x0000000000000000      0x191
 .debug_abbrev  0x0000000000000000      0x191 common/libcommon.a(cmd_net.o)

.debug_info.74  0x0000000000000000      0x499
 .debug_info    0x0000000000000000      0x499 common/libcommon.a(cmd_net.o)

.debug_line.75  0x0000000000000000      0x15d
 .debug_line    0x0000000000000000      0x15d common/libcommon.a(cmd_net.o)

.debug_aranges.76
                0x0000000000000000       0x20
 .debug_aranges
                0x0000000000000000       0x20 common/libcommon.a(cmd_net.o)

.debug_abbrev.77
                0x0000000000000000      0x190
 .debug_abbrev  0x0000000000000000      0x190 common/libcommon.a(cmd_mem.o)

.debug_info.78  0x0000000000000000      0x626
 .debug_info    0x0000000000000000      0x626 common/libcommon.a(cmd_mem.o)

.debug_line.79  0x0000000000000000      0x1b4
 .debug_line    0x0000000000000000      0x1b4 common/libcommon.a(cmd_mem.o)

.debug_aranges.80
                0x0000000000000000       0x20
 .debug_aranges
                0x0000000000000000       0x20 common/libcommon.a(cmd_mem.o)

.debug_abbrev.81
                0x0000000000000000      0x252
 .debug_abbrev  0x0000000000000000      0x252 common/libcommon.a(cmd_nvedit.o)

.debug_info.82  0x0000000000000000      0xa7d
 .debug_info    0x0000000000000000      0xa7d common/libcommon.a(cmd_nvedit.o)

.debug_line.83  0x0000000000000000      0x348
 .debug_line    0x0000000000000000      0x348 common/libcommon.a(cmd_nvedit.o)

.debug_aranges.84
                0x0000000000000000       0x20
 .debug_aranges
                0x0000000000000000       0x20 common/libcommon.a(cmd_nvedit.o)

.debug_abbrev.85
                0x0000000000000000      0x28f
 .debug_abbrev  0x0000000000000000      0x28f common/libcommon.a(command.o)

.debug_info.86  0x0000000000000000      0xa2d
 .debug_info    0x0000000000000000      0xa2d common/libcommon.a(command.o)

.debug_line.87  0x0000000000000000      0x2a2
 .debug_line    0x0000000000000000      0x2a2 common/libcommon.a(command.o)

.debug_aranges.88
                0x0000000000000000       0x20
 .debug_aranges
                0x0000000000000000       0x20 common/libcommon.a(command.o)

.debug_abbrev.89
                0x0000000000000000      0x27b
 .debug_abbrev  0x0000000000000000      0x27b common/libcommon.a(console.o)

.debug_info.90  0x0000000000000000      0x94a
 .debug_info    0x0000000000000000      0x94a common/libcommon.a(console.o)

.debug_line.91  0x0000000000000000      0x259
 .debug_line    0x0000000000000000      0x259 common/libcommon.a(console.o)

.debug_aranges.92
                0x0000000000000000       0x20
 .debug_aranges
                0x0000000000000000       0x20 common/libcommon.a(console.o)

.debug_abbrev.93
                0x0000000000000000      0x1a8
 .debug_abbrev  0x0000000000000000      0x1a8 common/libcommon.a(devices.o)

.debug_info.94  0x0000000000000000      0x4f5
 .debug_info    0x0000000000000000      0x4f5 common/libcommon.a(devices.o)

.debug_line.95  0x0000000000000000      0x128
 .debug_line    0x0000000000000000      0x128 common/libcommon.a(devices.o)

.debug_aranges.96
                0x0000000000000000       0x20
 .debug_aranges
                0x0000000000000000       0x20 common/libcommon.a(devices.o)

.debug_abbrev.97
                0x0000000000000000      0x1de
 .debug_abbrev  0x0000000000000000      0x1de common/libcommon.a(dlmalloc.o)

.debug_info.98  0x0000000000000000      0xc2c
 .debug_info    0x0000000000000000      0xc2c common/libcommon.a(dlmalloc.o)

.debug_line.99  0x0000000000000000      0x382
 .debug_line    0x0000000000000000      0x382 common/libcommon.a(dlmalloc.o)

.debug_aranges.100
                0x0000000000000000       0x20
 .debug_aranges
                0x0000000000000000       0x20 common/libcommon.a(dlmalloc.o)

.debug_abbrev.101
                0x0000000000000000      0x1be
 .debug_abbrev  0x0000000000000000      0x1be common/libcommon.a(env_common.o)

.debug_info.102
                0x0000000000000000      0x465
 .debug_info    0x0000000000000000      0x465 common/libcommon.a(env_common.o)

.debug_line.103
                0x0000000000000000      0x122
 .debug_line    0x0000000000000000      0x122 common/libcommon.a(env_common.o)

.debug_aranges.104
                0x0000000000000000       0x20
 .debug_aranges
                0x0000000000000000       0x20 common/libcommon.a(env_common.o)

.debug_abbrev.105
                0x0000000000000000       0xe6
 .debug_abbrev  0x0000000000000000       0xe6 common/libcommon.a(exports.o)

.debug_info.106
                0x0000000000000000      0x23f
 .debug_info    0x0000000000000000      0x23f common/libcommon.a(exports.o)

.debug_line.107
                0x0000000000000000       0x90
 .debug_line    0x0000000000000000       0x90 common/libcommon.a(exports.o)

.debug_aranges.108
                0x0000000000000000       0x20
 .debug_aranges
                0x0000000000000000       0x20 common/libcommon.a(exports.o)

.debug_abbrev.109
                0x0000000000000000      0x183
 .debug_abbrev  0x0000000000000000      0x183 common/libcommon.a(lists.o)

.debug_info.110
                0x0000000000000000      0x421
 .debug_info    0x0000000000000000      0x421 common/libcommon.a(lists.o)

.debug_line.111
                0x0000000000000000       0xf8
 .debug_line    0x0000000000000000       0xf8 common/libcommon.a(lists.o)

.debug_aranges.112
                0x0000000000000000       0x20
 .debug_aranges
                0x0000000000000000       0x20 common/libcommon.a(lists.o)

.debug_abbrev.113
                0x0000000000000000      0x159
 .debug_abbrev  0x0000000000000000      0x159 common/libcommon.a(gpio.o)

.debug_info.114
                0x0000000000000000      0x301
 .debug_info    0x0000000000000000      0x301 common/libcommon.a(gpio.o)

.debug_line.115
                0x0000000000000000      0x128
 .debug_line    0x0000000000000000      0x128 common/libcommon.a(gpio.o)

.debug_aranges.116
                0x0000000000000000       0x20
 .debug_aranges
                0x0000000000000000       0x20 common/libcommon.a(gpio.o)

.debug_abbrev.117
                0x0000000000000000       0xbb
 .debug_abbrev  0x0000000000000000       0xbb common/libcommon.a(cmd_ledctrl.o)

.debug_info.118
                0x0000000000000000      0x227
 .debug_info    0x0000000000000000      0x227 common/libcommon.a(cmd_ledctrl.o)

.debug_line.119
                0x0000000000000000       0x71
 .debug_line    0x0000000000000000       0x71 common/libcommon.a(cmd_ledctrl.o)

.debug_aranges.120
                0x0000000000000000       0x20
 .debug_aranges
                0x0000000000000000       0x20 common/libcommon.a(cmd_ledctrl.o)

.debug_abbrev.121
                0x0000000000000000      0x13a
 .debug_abbrev  0x0000000000000000      0x13a common/libcommon.a(cmd_gpio.o)

.debug_info.122
                0x0000000000000000      0x348
 .debug_info    0x0000000000000000      0x348 common/libcommon.a(cmd_gpio.o)

.debug_line.123
                0x0000000000000000      0x14b
 .debug_line    0x0000000000000000      0x14b common/libcommon.a(cmd_gpio.o)

.debug_aranges.124
                0x0000000000000000       0x20
 .debug_aranges
                0x0000000000000000       0x20 common/libcommon.a(cmd_gpio.o)

.debug_abbrev.125
                0x0000000000000000      0x131
 .debug_abbrev  0x0000000000000000      0x131 common/libcommon.a(env_spi.o)

.debug_info.126
                0x0000000000000000      0x3b2
 .debug_info    0x0000000000000000      0x3b2 common/libcommon.a(env_spi.o)

.debug_line.127
                0x0000000000000000      0x145
 .debug_line    0x0000000000000000      0x145 common/libcommon.a(env_spi.o)

.debug_aranges.128
                0x0000000000000000       0x20
 .debug_aranges
                0x0000000000000000       0x20 common/libcommon.a(env_spi.o)

.debug_abbrev.129
                0x0000000000000000       0xdb
 .debug_abbrev  0x0000000000000000       0xdb lib_generic/libgeneric.a(crc32.o)

.debug_info.130
                0x0000000000000000      0x1dc
 .debug_info    0x0000000000000000      0x1dc lib_generic/libgeneric.a(crc32.o)

.debug_line.131
                0x0000000000000000       0x8b
 .debug_line    0x0000000000000000       0x8b lib_generic/libgeneric.a(crc32.o)

.debug_aranges.132
                0x0000000000000000       0x20
 .debug_aranges
                0x0000000000000000       0x20 lib_generic/libgeneric.a(crc32.o)

.debug_abbrev.133
                0x0000000000000000       0xc4
 .debug_abbrev  0x0000000000000000       0xc4 lib_generic/libgeneric.a(display_options.o)

.debug_info.134
                0x0000000000000000      0x123
 .debug_info    0x0000000000000000      0x123 lib_generic/libgeneric.a(display_options.o)

.debug_line.135
                0x0000000000000000       0x98
 .debug_line    0x0000000000000000       0x98 lib_generic/libgeneric.a(display_options.o)

.debug_aranges.136
                0x0000000000000000       0x20
 .debug_aranges
                0x0000000000000000       0x20 lib_generic/libgeneric.a(display_options.o)

.debug_abbrev.137
                0x0000000000000000      0x19f
 .debug_abbrev  0x0000000000000000      0x19f lib_generic/libgeneric.a(string.o)

.debug_info.138
                0x0000000000000000      0x79d
 .debug_info    0x0000000000000000      0x79d lib_generic/libgeneric.a(string.o)

.debug_line.139
                0x0000000000000000      0x1b6
 .debug_line    0x0000000000000000      0x1b6 lib_generic/libgeneric.a(string.o)

.debug_aranges.140
                0x0000000000000000       0x20
 .debug_aranges
                0x0000000000000000       0x20 lib_generic/libgeneric.a(string.o)

.debug_abbrev.141
                0x0000000000000000      0x16f
 .debug_abbrev  0x0000000000000000      0x16f lib_generic/libgeneric.a(vsprintf.o)

.debug_info.142
                0x0000000000000000      0x3ac
 .debug_info    0x0000000000000000      0x3ac lib_generic/libgeneric.a(vsprintf.o)

.debug_line.143
                0x0000000000000000      0x1d9
 .debug_line    0x0000000000000000      0x1d9 lib_generic/libgeneric.a(vsprintf.o)

.debug_aranges.144
                0x0000000000000000       0x20
 .debug_aranges
                0x0000000000000000       0x20 lib_generic/libgeneric.a(vsprintf.o)

.debug_abbrev.145
                0x0000000000000000      0x17d
 .debug_abbrev  0x0000000000000000      0x17d lib_generic/libgeneric.a(LzmaDecode.o)

.debug_info.146
                0x0000000000000000      0x756
 .debug_info    0x0000000000000000      0x756 lib_generic/libgeneric.a(LzmaDecode.o)

.debug_line.147
                0x0000000000000000      0x21a
 .debug_line    0x0000000000000000      0x21a lib_generic/libgeneric.a(LzmaDecode.o)

.debug_aranges.148
                0x0000000000000000       0x20
 .debug_aranges
                0x0000000000000000       0x20 lib_generic/libgeneric.a(LzmaDecode.o)

.debug_abbrev.149
                0x0000000000000000       0x42
 .debug_abbrev  0x0000000000000000       0x42 lib_generic/libgeneric.a(ctype.o)

.debug_info.150
                0x0000000000000000       0x56
 .debug_info    0x0000000000000000       0x56 lib_generic/libgeneric.a(ctype.o)

.debug_line.151
                0x0000000000000000       0x28
 .debug_line    0x0000000000000000       0x28 lib_generic/libgeneric.a(ctype.o)

.debug_abbrev.152
                0x0000000000000000      0x186
 .debug_abbrev  0x0000000000000000      0x186 board/rt2880/librt2880.a(rt2880.o)

.debug_info.153
                0x0000000000000000      0x27c
 .debug_info    0x0000000000000000      0x27c board/rt2880/librt2880.a(rt2880.o)

.debug_line.154
                0x0000000000000000      0x124
 .debug_line    0x0000000000000000      0x124 board/rt2880/librt2880.a(rt2880.o)

.debug_aranges.155
                0x0000000000000000       0x20
 .debug_aranges
                0x0000000000000000       0x20 board/rt2880/librt2880.a(rt2880.o)

.debug_abbrev.156
                0x0000000000000000       0xcf
 .debug_abbrev  0x0000000000000000       0xcf board/rt2880/librt2880.a(serial.o)

.debug_info.157
                0x0000000000000000      0x151
 .debug_info    0x0000000000000000      0x151 board/rt2880/librt2880.a(serial.o)

.debug_line.158
                0x0000000000000000       0x68
 .debug_line    0x0000000000000000       0x68 board/rt2880/librt2880.a(serial.o)

.debug_aranges.159
                0x0000000000000000       0x20
 .debug_aranges
                0x0000000000000000       0x20 board/rt2880/librt2880.a(serial.o)

.debug_abbrev.160
                0x0000000000000000       0xc2
 .debug_abbrev  0x0000000000000000       0xc2 cpu/ralink_soc/libralink_soc.a(cpu.o)

.debug_info.161
                0x0000000000000000      0x1ec
 .debug_info    0x0000000000000000      0x1ec cpu/ralink_soc/libralink_soc.a(cpu.o)

.debug_line.162
                0x0000000000000000       0x95
 .debug_line    0x0000000000000000       0x95 cpu/ralink_soc/libralink_soc.a(cpu.o)

.debug_aranges.163
                0x0000000000000000       0x20
 .debug_aranges
                0x0000000000000000       0x20 cpu/ralink_soc/libralink_soc.a(cpu.o)

.debug_abbrev.164
                0x0000000000000000      0x1ee
 .debug_abbrev  0x0000000000000000      0x1ee lib_mips/libmips.a(mips_linux.o)

.debug_info.165
                0x0000000000000000      0x7fd
 .debug_info    0x0000000000000000      0x7fd lib_mips/libmips.a(mips_linux.o)

.debug_line.166
                0x0000000000000000      0x2da
 .debug_line    0x0000000000000000      0x2da lib_mips/libmips.a(mips_linux.o)

.debug_aranges.167
                0x0000000000000000       0x20
 .debug_aranges
                0x0000000000000000       0x20 lib_mips/libmips.a(mips_linux.o)
